Component: ARM Compiler 5.06 update 1 (build 61) Tool: armlink [4d35a8]

==============================================================================

Section Cross References

    main.o(i.main) refers to rt_memcpy_w.o(.text) for __aeabi_memcpy4
    main.o(i.main) refers to misc.o(i.NVIC_PriorityGroupConfig) for NVIC_PriorityGroupConfig
    main.o(i.main) refers to delay.o(i.delay_init) for delay_init
    main.o(i.main) refers to led.o(i.LED_Init) for LED_Init
    main.o(i.main) refers to beep.o(i.BEEP_Init) for BEEP_Init
    main.o(i.main) refers to key.o(i.KEY_Init) for KEY_Init
    main.o(i.main) refers to usart.o(i.uart_init) for uart_init
    main.o(i.main) refers to lcd.o(i.LCD_Init) for LCD_Init
    main.o(i.main) refers to exti.o(i.EXTIX_Init) for EXTIX_Init
    main.o(i.main) refers to w25qxx.o(i.W25QXX_Init) for W25QXX_Init
    main.o(i.main) refers to wm8978.o(i.WM8978_Init) for WM8978_Init
    main.o(i.main) refers to wm8978.o(i.WM8978_HPvol_Set) for WM8978_HPvol_Set
    main.o(i.main) refers to wm8978.o(i.WM8978_SPKvol_Set) for WM8978_SPKvol_Set
    main.o(i.main) refers to malloc.o(i.my_mem_init) for my_mem_init
    main.o(i.main) refers to exfuns.o(i.exfuns_init) for exfuns_init
    main.o(i.main) refers to ff.o(i.f_mount) for f_mount
    main.o(i.main) refers to lcd.o(i.LCD_ShowString) for LCD_ShowString
    main.o(i.main) refers to delay.o(i.delay_ms) for delay_ms
    main.o(i.main) refers to lcd.o(i.LCD_Fill) for LCD_Fill
    main.o(i.main) refers to fontupd.o(i.font_init) for font_init
    main.o(i.main) refers to text.o(i.Show_Str) for Show_Str
    main.o(i.main) refers to audioplay.o(i.audio_play) for audio_play
    main.o(i.main) refers to main.o(.constdata) for .constdata
    main.o(i.main) refers to audioplay.o(.data) for FLAG_PlayMusic
    main.o(i.main) refers to usmart_config.o(.data) for usmart_dev
    main.o(i.main) refers to exfuns.o(.bss) for fs
    main.o(i.main) refers to lcd.o(.data) for POINT_COLOR
    main.o(i.sendMessage) refers to stm32f4xx_usart.o(i.USART_SendData) for USART_SendData
    main.o(i.sendMessage) refers to stm32f4xx_usart.o(i.USART_GetFlagStatus) for USART_GetFlagStatus
    system_stm32f4xx.o(i.SystemCoreClockUpdate) refers to system_stm32f4xx.o(.data) for SystemCoreClock
    system_stm32f4xx.o(i.SystemInit) refers to system_stm32f4xx.o(i.SetSysClock) for SetSysClock
    startup_stm32f40_41xxx.o(STACK) refers (Special) to heapauxi.o(.text) for __use_two_region_memory
    startup_stm32f40_41xxx.o(HEAP) refers (Special) to heapauxi.o(.text) for __use_two_region_memory
    startup_stm32f40_41xxx.o(RESET) refers (Special) to heapauxi.o(.text) for __use_two_region_memory
    startup_stm32f40_41xxx.o(RESET) refers to startup_stm32f40_41xxx.o(STACK) for __initial_sp
    startup_stm32f40_41xxx.o(RESET) refers to startup_stm32f40_41xxx.o(.text) for Reset_Handler
    startup_stm32f40_41xxx.o(RESET) refers to stm32f4xx_it.o(i.NMI_Handler) for NMI_Handler
    startup_stm32f40_41xxx.o(RESET) refers to stm32f4xx_it.o(i.HardFault_Handler) for HardFault_Handler
    startup_stm32f40_41xxx.o(RESET) refers to stm32f4xx_it.o(i.MemManage_Handler) for MemManage_Handler
    startup_stm32f40_41xxx.o(RESET) refers to stm32f4xx_it.o(i.BusFault_Handler) for BusFault_Handler
    startup_stm32f40_41xxx.o(RESET) refers to stm32f4xx_it.o(i.UsageFault_Handler) for UsageFault_Handler
    startup_stm32f40_41xxx.o(RESET) refers to stm32f4xx_it.o(i.SVC_Handler) for SVC_Handler
    startup_stm32f40_41xxx.o(RESET) refers to stm32f4xx_it.o(i.DebugMon_Handler) for DebugMon_Handler
    startup_stm32f40_41xxx.o(RESET) refers to stm32f4xx_it.o(i.PendSV_Handler) for PendSV_Handler
    startup_stm32f40_41xxx.o(RESET) refers to stm32f4xx_it.o(i.SysTick_Handler) for SysTick_Handler
    startup_stm32f40_41xxx.o(RESET) refers to exti.o(i.EXTI0_IRQHandler) for EXTI0_IRQHandler
    startup_stm32f40_41xxx.o(RESET) refers to exti.o(i.EXTI1_IRQHandler) for EXTI1_IRQHandler
    startup_stm32f40_41xxx.o(RESET) refers to i2s.o(i.DMA1_Stream4_IRQHandler) for DMA1_Stream4_IRQHandler
    startup_stm32f40_41xxx.o(RESET) refers to usmart.o(i.TIM4_IRQHandler) for TIM4_IRQHandler
    startup_stm32f40_41xxx.o(RESET) refers to usart.o(i.USART1_IRQHandler) for USART1_IRQHandler
    startup_stm32f40_41xxx.o(RESET) refers to sdio_sdcard.o(i.SDIO_IRQHandler) for SDIO_IRQHandler
    startup_stm32f40_41xxx.o(RESET) refers to usbh_usr.o(i.OTG_FS_IRQHandler) for OTG_FS_IRQHandler
    startup_stm32f40_41xxx.o(.text) refers (Special) to heapauxi.o(.text) for __use_two_region_memory
    startup_stm32f40_41xxx.o(.text) refers to system_stm32f4xx.o(i.SystemInit) for SystemInit
    startup_stm32f40_41xxx.o(.text) refers to __main.o(!!!main) for __main
    startup_stm32f40_41xxx.o(.text) refers to startup_stm32f40_41xxx.o(HEAP) for Heap_Mem
    startup_stm32f40_41xxx.o(.text) refers to startup_stm32f40_41xxx.o(STACK) for Stack_Mem
[...]
    SPI_I2S_ReceiveData                      0x08007fd9   Thumb Code     6  stm32f4xx_spi.o(i.SPI_I2S_ReceiveData)
    SPI_I2S_SendData                         0x08007fdf   Thumb Code     4  stm32f4xx_spi.o(i.SPI_I2S_SendData)
    SPI_Init                                 0x08007fe3   Thumb Code    60  stm32f4xx_spi.o(i.SPI_Init)
    SVC_Handler                              0x0800801f   Thumb Code     2  stm32f4xx_it.o(i.SVC_Handler)
    SYSCFG_EXTILineConfig                    0x08008021   Thumb Code    60  stm32f4xx_syscfg.o(i.SYSCFG_EXTILineConfig)
    Show_Font                                0x0800814d   Thumb Code   190  text.o(i.Show_Font)
    Show_Str                                 0x08008215   Thumb Code   194  text.o(i.Show_Str)
    SysTick_CLKSourceConfig                  0x080082d7   Thumb Code    40  misc.o(i.SysTick_CLKSourceConfig)
    SysTick_Handler                          0x080082ff   Thumb Code     2  stm32f4xx_it.o(i.SysTick_Handler)
    SystemInit                               0x08008301   Thumb Code    88  system_stm32f4xx.o(i.SystemInit)
    TIM4_IRQHandler                          0x08008369   Thumb Code    46  usmart.o(i.TIM4_IRQHandler)
    TIM_ClearFlag                            0x080083a1   Thumb Code     6  stm32f4xx_tim.o(i.TIM_ClearFlag)
    TIM_ClearITPendingBit                    0x080083a7   Thumb Code     6  stm32f4xx_tim.o(i.TIM_ClearITPendingBit)
    TIM_Cmd                                  0x080083ad   Thumb Code    24  stm32f4xx_tim.o(i.TIM_Cmd)
    TIM_GetCounter                           0x080083c5   Thumb Code     6  stm32f4xx_tim.o(i.TIM_GetCounter)
    TIM_GetFlagStatus                        0x080083cb   Thumb Code    18  stm32f4xx_tim.o(i.TIM_GetFlagStatus)
    TIM_GetITStatus                          0x080083dd   Thumb Code    34  stm32f4xx_tim.o(i.TIM_GetITStatus)
    TIM_ITConfig                             0x080083ff   Thumb Code    18  stm32f4xx_tim.o(i.TIM_ITConfig)
    TIM_SetAutoreload                        0x08008411   Thumb Code     4  stm32f4xx_tim.o(i.TIM_SetAutoreload)
    TIM_SetCounter                           0x08008415   Thumb Code     4  stm32f4xx_tim.o(i.TIM_SetCounter)
    TIM_TimeBaseInit                         0x08008419   Thumb Code   104  stm32f4xx_tim.o(i.TIM_TimeBaseInit)
    Timer4_Init                              0x0800849d   Thumb Code    86  usmart.o(i.Timer4_Init)
    USART1_IRQHandler                        0x080084f9   Thumb Code   122  usart.o(i.USART1_IRQHandler)
    USART_Cmd                                0x08008581   Thumb Code    24  stm32f4xx_usart.o(i.USART_Cmd)
    USART_GetITStatus                        0x08008599   Thumb Code    84  stm32f4xx_usart.o(i.USART_GetITStatus)
    USART_ITConfig                           0x080085ed   Thumb Code    74  stm32f4xx_usart.o(i.USART_ITConfig)
    USART_Init                               0x08008639   Thumb Code   204  stm32f4xx_usart.o(i.USART_Init)
    USART_ReceiveData                        0x0800870d   Thumb Code    10  stm32f4xx_usart.o(i.USART_ReceiveData)
    USBH_Alloc_Channel                       0x08008717   Thumb Code    38  usbh_hcs.o(i.USBH_Alloc_Channel)
    USBH_BulkReceiveData                     0x0800873d   Thumb Code    96  usbh_ioreq.o(i.USBH_BulkReceiveData)
    USBH_BulkSendData                        0x0800879d   Thumb Code    94  usbh_ioreq.o(i.USBH_BulkSendData)
    USBH_ClrFeature                          0x080087fb   Thumb Code    76  usbh_stdreq.o(i.USBH_ClrFeature)
    USBH_Connected                           0x08008847   Thumb Code    12  usbh_core.o(i.USBH_Connected)
    USBH_CtlReceiveData                      0x08008853   Thumb Code    70  usbh_ioreq.o(i.USBH_CtlReceiveData)
    USBH_CtlReq                              0x08008899   Thumb Code   100  usbh_ioreq.o(i.USBH_CtlReq)
    USBH_CtlSendData                         0x080088fd   Thumb Code   110  usbh_ioreq.o(i.USBH_CtlSendData)
    USBH_CtlSendSetup                        0x0800896b   Thumb Code    66  usbh_ioreq.o(i.USBH_CtlSendSetup)
    USBH_DeAllocate_AllChannel               0x080089ad   Thumb Code    28  usbh_hcs.o(i.USBH_DeAllocate_AllChannel)
    USBH_DeInit                              0x080089c9   Thumb Code    58  usbh_core.o(i.USBH_DeInit)
    USBH_Disconnected                        0x08008a03   Thumb Code    12  usbh_core.o(i.USBH_Disconnected)
    USBH_ErrorHandle                         0x08008a0f   Thumb Code    46  usbh_core.o(i.USBH_ErrorHandle)
    USBH_Free_Channel                        0x08008a3d   Thumb Code    30  usbh_hcs.o(i.USBH_Free_Channel)
    USBH_GetDescriptor                       0x08008a5b   Thumb Code    68  usbh_stdreq.o(i.USBH_GetDescriptor)
    USBH_GetNextDesc                         0x08008ac7   Thumb Code    18  usbh_stdreq.o(i.USBH_GetNextDesc)
    USBH_Get_CfgDesc                         0x08008ad9   Thumb Code    88  usbh_stdreq.o(i.USBH_Get_CfgDesc)
    USBH_Get_DevDesc                         0x08008b35   Thumb Code    56  usbh_stdreq.o(i.USBH_Get_DevDesc)
    USBH_Get_StringDesc                      0x08008b6d   Thumb Code    60  usbh_stdreq.o(i.USBH_Get_StringDesc)
    USBH_HandleControl                       0x08008ba9   Thumb Code   544  usbh_core.o(i.USBH_HandleControl)
    USBH_Init                                0x08008fa9   Thumb Code    70  usbh_core.o(i.USBH_Init)
    USBH_MSC_BOT_Abort                       0x08009015   Thumb Code    86  usbh_msc_bot.o(i.USBH_MSC_BOT_Abort)
    USBH_MSC_DecodeCSW                       0x08009089   Thumb Code   108  usbh_msc_bot.o(i.USBH_MSC_DecodeCSW)
    USBH_MSC_ErrorHandle                     0x08009109   Thumb Code    58  usbh_msc_core.o(i.USBH_MSC_ErrorHandle)
    USBH_MSC_HandleBOTXfer                   0x08009321   Thumb Code   812  usbh_msc_bot.o(i.USBH_MSC_HandleBOTXfer)
    USBH_MSC_Init                            0x08009671   Thumb Code    44  usbh_msc_bot.o(i.USBH_MSC_Init)
    USBH_MSC_ModeSense6                      0x080097d1   Thumb Code   192  usbh_msc_scsi.o(i.USBH_MSC_ModeSense6)
    USBH_MSC_Read10                          0x080098a1   Thumb Code   242  usbh_msc_scsi.o(i.USBH_MSC_Read10)
    USBH_MSC_ReadCapacity10                  0x080099a1   Thumb Code   202  usbh_msc_scsi.o(i.USBH_MSC_ReadCapacity10)
    USBH_MSC_RequestSense                    0x08009a7d   Thumb Code   208  usbh_msc_scsi.o(i.USBH_MSC_RequestSense)
    USBH_MSC_TestUnitReady                   0x08009b5d   Thumb Code   162  usbh_msc_scsi.o(i.USBH_MSC_TestUnitReady)
    USBH_MSC_Write10                         0x08009c0d   Thumb Code   218  usbh_msc_scsi.o(i.USBH_MSC_Write10)
    USBH_Modify_Channel                      0x08009cf1   Thumb Code   100  usbh_hcs.o(i.USBH_Modify_Channel)
    USBH_OTG_ISR_Handler                     0x08009d55   Thumb Code   168  usb_hcd_int.o(i.USBH_OTG_ISR_Handler)
    USBH_Open_Channel                        0x08009dfd   Thumb Code   154  usbh_hcs.o(i.USBH_Open_Channel)
    USBH_Process                             0x0800a08d   Thumb Code   418  usbh_core.o(i.USBH_Process)
    USBH_SOF                                 0x0800a22f   Thumb Code     6  usbh_core.o(i.USBH_SOF)
    USBH_SetAddress                          0x0800a235   Thumb Code    38  usbh_stdreq.o(i.USBH_SetAddress)
    USBH_SetCfg                              0x0800a25b   Thumb Code    38  usbh_stdreq.o(i.USBH_SetCfg)
    USBH_UDISK_Read                          0x0800a299   Thumb Code    82  usbh_usr.o(i.USBH_UDISK_Read)
    USBH_UDISK_Status                        0x0800a2f9   Thumb Code    12  usbh_usr.o(i.USBH_UDISK_Status)
    USBH_UDISK_Write                         0x0800a309   Thumb Code    82  usbh_usr.o(i.USBH_UDISK_Write)
    USBH_USR_Configuration_DescAvailable     0x0800a369   Thumb Code    42  usbh_usr.o(i.USBH_USR_Configuration_DescAvailable)
    USBH_USR_DeInit                          0x0800a3b5   Thumb Code     8  usbh_usr.o(i.USBH_USR_DeInit)
    USBH_USR_DeviceAddressAssigned           0x0800a3c1   Thumb Code    10  usbh_usr.o(i.USBH_USR_DeviceAddressAssigned)
    USBH_USR_DeviceAttached                  0x0800a3e1   Thumb Code    16  usbh_usr.o(i.USBH_USR_DeviceAttached)
    USBH_USR_DeviceDisconnected              0x0800a40d   Thumb Code    16  usbh_usr.o(i.USBH_USR_DeviceDisconnected)
    USBH_USR_DeviceNotSupported              0x0800a431   Thumb Code    10  usbh_usr.o(i.USBH_USR_DeviceNotSupported)
    USBH_USR_DeviceSpeedDetected             0x0800a455   Thumb Code    46  usbh_usr.o(i.USBH_USR_DeviceSpeedDetected)
    USBH_USR_Device_DescAvailable            0x0800a4cd   Thumb Code    24  usbh_usr.o(i.USBH_USR_Device_DescAvailable)
    USBH_USR_EnumerationDone                 0x0800a505   Thumb Code    10  usbh_usr.o(i.USBH_USR_EnumerationDone)
    USBH_USR_Init                            0x0800a525   Thumb Code    22  usbh_usr.o(i.USBH_USR_Init)
    USBH_USR_MSC_Application                 0x0800a595   Thumb Code    56  usbh_usr.o(i.USBH_USR_MSC_Application)
    USBH_USR_Manufacturer_String             0x0800a5e9   Thumb Code    14  usbh_usr.o(i.USBH_USR_Manufacturer_String)
    USBH_USR_OverCurrentDetected             0x0800a60d   Thumb Code    10  usbh_usr.o(i.USBH_USR_OverCurrentDetected)
    USBH_USR_Product_String                  0x0800a62d   Thumb Code    14  usbh_usr.o(i.USBH_USR_Product_String)
    USBH_USR_ResetDevice                     0x0800a64d   Thumb Code    10  usbh_usr.o(i.USBH_USR_ResetDevice)
    USBH_USR_SerialNum_String                0x0800a669   Thumb Code    14  usbh_usr.o(i.USBH_USR_SerialNum_String)
    USBH_USR_UnrecoveredError                0x0800a68d   Thumb Code    10  usbh_usr.o(i.USBH_USR_UnrecoveredError)
    USBH_USR_UserInput                       0x0800a6b1   Thumb Code    12  usbh_usr.o(i.USBH_USR_UserInput)
    USB_OTG_BSP_ConfigVBUS                   0x0800a6d1   Thumb Code     2  usb_bsp.o(i.USB_OTG_BSP_ConfigVBUS)
    USB_OTG_BSP_DriveVBUS                    0x0800a6d3   Thumb Code     2  usb_bsp.o(i.USB_OTG_BSP_DriveVBUS)
    USB_OTG_BSP_EnableInterrupt              0x0800a6d5   Thumb Code    36  usb_bsp.o(i.USB_OTG_BSP_EnableInterrupt)
    USB_OTG_BSP_Init                         0x0800a6f9   Thumb Code   112  usb_bsp.o(i.USB_OTG_BSP_Init)
    USB_OTG_BSP_mDelay                       0x0800a771   Thumb Code    12  usb_bsp.o(i.USB_OTG_BSP_mDelay)
    USB_OTG_BSP_uDelay                       0x0800a77d   Thumb Code    12  usb_bsp.o(i.USB_OTG_BSP_uDelay)
    USB_OTG_CoreInit                         0x0800a789   Thumb Code   294  usb_core.o(i.USB_OTG_CoreInit)
    USB_OTG_CoreInitHost                     0x0800a8af   Thumb Code   214  usb_core.o(i.USB_OTG_CoreInitHost)
    USB_OTG_DisableGlobalInt                 0x0800a9f5   Thumb Code    34  usb_core.o(i.USB_OTG_DisableGlobalInt)
    USB_OTG_DriveVbus                        0x0800aa17   Thumb Code    92  usb_core.o(i.USB_OTG_DriveVbus)
    USB_OTG_EnableGlobalInt                  0x0800aaa7   Thumb Code    34  usb_core.o(i.USB_OTG_EnableGlobalInt)
    USB_OTG_EnableHostInt                    0x0800aac9   Thumb Code   116  usb_core.o(i.USB_OTG_EnableHostInt)
    USB_OTG_FlushRxFifo                      0x0800ab3d   Thumb Code    70  usb_core.o(i.USB_OTG_FlushRxFifo)
    USB_OTG_FlushTxFifo                      0x0800ab89   Thumb Code    80  usb_core.o(i.USB_OTG_FlushTxFifo)
    USB_OTG_GetMode                          0x0800abdd   Thumb Code    12  usb_core.o(i.USB_OTG_GetMode)
    USB_OTG_HC_DoPing                        0x0800abe9   Thumb Code    90  usb_core.o(i.USB_OTG_HC_DoPing)
    USB_OTG_HC_Halt                          0x0800ac43   Thumb Code   130  usb_core.o(i.USB_OTG_HC_Halt)
    USB_OTG_HC_Init                          0x0800acc5   Thumb Code   568  usb_core.o(i.USB_OTG_HC_Init)
    USB_OTG_HC_StartXfer                     0x0800aefd   Thumb Code   502  usb_core.o(i.USB_OTG_HC_StartXfer)
    USB_OTG_InitFSLSPClkSel                  0x0800b0f3   Thumb Code    24  usb_core.o(i.USB_OTG_InitFSLSPClkSel)
    USB_OTG_IsEvenFrame                      0x0800b10b   Thumb Code    16  usb_core.o(i.USB_OTG_IsEvenFrame)
    USB_OTG_IsHostMode                       0x0800b11b   Thumb Code    20  usb_core.o(i.USB_OTG_IsHostMode)
    USB_OTG_ReadCoreItr                      0x0800b12f   Thumb Code    16  usb_core.o(i.USB_OTG_ReadCoreItr)
    USB_OTG_ReadHPRT0                        0x0800b13f   Thumb Code    48  usb_core.o(i.USB_OTG_ReadHPRT0)
    USB_OTG_ReadHostAllChannels_intr         0x0800b16f   Thumb Code     8  usb_core.o(i.USB_OTG_ReadHostAllChannels_intr)
    USB_OTG_ReadPacket                       0x0800b177   Thumb Code    40  usb_core.o(i.USB_OTG_ReadPacket)
    USB_OTG_ResetPort                        0x0800b19f   Thumb Code    64  usb_core.o(i.USB_OTG_ResetPort)
    USB_OTG_SelectCore                       0x0800b1e1   Thumb Code   204  usb_core.o(i.USB_OTG_SelectCore)
    USB_OTG_SetCurrentMode                   0x0800b2b1   Thumb Code    78  usb_core.o(i.USB_OTG_SetCurrentMode)
    USB_OTG_WritePacket                      0x0800c0d1   Thumb Code    64  usb_core.o(i.USB_OTG_WritePacket)
    USH_User_App                             0x0800c111   Thumb Code   264  audioplay.o(i.USH_User_App)
    UsageFault_Handler                       0x0800c255   Thumb Code     4  stm32f4xx_it.o(i.UsageFault_Handler)
    W25QXX_Erase_Sector                      0x0800c259   Thumb Code    70  w25qxx.o(i.W25QXX_Erase_Sector)
    W25QXX_Init                              0x0800c2b1   Thumb Code   102  w25qxx.o(i.W25QXX_Init)
    W25QXX_Read                              0x0800c329   Thumb Code    74  w25qxx.o(i.W25QXX_Read)
    W25QXX_ReadID                            0x0800c379   Thumb Code    64  w25qxx.o(i.W25QXX_ReadID)
    W25QXX_ReadSR                            0x0800c3c1   Thumb Code    36  w25qxx.o(i.W25QXX_ReadSR)
    W25QXX_Wait_Busy                         0x0800c3ed   Thumb Code    18  w25qxx.o(i.W25QXX_Wait_Busy)
    W25QXX_Write                             0x0800c401   Thumb Code   180  w25qxx.o(i.W25QXX_Write)
    W25QXX_Write_Enable                      0x0800c4b9   Thumb Code    24  w25qxx.o(i.W25QXX_Write_Enable)
    W25QXX_Write_NoCheck                     0x0800c4d9   Thumb Code    70  w25qxx.o(i.W25QXX_Write_NoCheck)
    W25QXX_Write_Page                        0x0800c521   Thumb Code    80  w25qxx.o(i.W25QXX_Write_Page)
    WM8978_3D_Set                            0x0800c575   Thumb Code    18  wm8978.o(i.WM8978_3D_Set)
    WM8978_ADDA_Cfg                          0x0800c587   Thumb Code    64  wm8978.o(i.WM8978_ADDA_Cfg)
    WM8978_AUX_Gain                          0x0800c5c7   Thumb Code    54  wm8978.o(i.WM8978_AUX_Gain)
    WM8978_EQ1_Set                           0x0800c5fd   Thumb Code    50  wm8978.o(i.WM8978_EQ1_Set)
    WM8978_EQ2_Set                           0x0800c62f   Thumb Code    40  wm8978.o(i.WM8978_EQ2_Set)
    WM8978_EQ3_Set                           0x0800c657   Thumb Code    40  wm8978.o(i.WM8978_EQ3_Set)
    WM8978_EQ4_Set                           0x0800c67f   Thumb Code    40  wm8978.o(i.WM8978_EQ4_Set)
    WM8978_EQ5_Set                           0x0800c6a7   Thumb Code    40  wm8978.o(i.WM8978_EQ5_Set)
    WM8978_EQ_3D_Dir                         0x0800c6cf   Thumb Code    34  wm8978.o(i.WM8978_EQ_3D_Dir)
    WM8978_HPvol_Set                         0x0800c6f1   Thumb Code    46  wm8978.o(i.WM8978_HPvol_Set)
    WM8978_I2S_Cfg                           0x0800c71f   Thumb Code    28  wm8978.o(i.WM8978_I2S_Cfg)
    WM8978_Init                              0x0800c73d   Thumb Code   244  wm8978.o(i.WM8978_Init)
    WM8978_Input_Cfg                         0x0800c839   Thumb Code   102  wm8978.o(i.WM8978_Input_Cfg)
    WM8978_LINEIN_Gain                       0x0800c89f   Thumb Code    54  wm8978.o(i.WM8978_LINEIN_Gain)
    WM8978_Output_Cfg                        0x0800c8d5   Thumb Code    42  wm8978.o(i.WM8978_Output_Cfg)
    WM8978_Read_Reg                          0x0800c901   Thumb Code    10  wm8978.o(i.WM8978_Read_Reg)
    WM8978_SPKvol_Set                        0x0800c911   Thumb Code    34  wm8978.o(i.WM8978_SPKvol_Set)
    WM8978_Write_Reg                         0x0800c935   Thumb Code    80  wm8978.o(i.WM8978_Write_Reg)
    _is_digit                                0x0800c989   Thumb Code    14  __printf_wp.o(i._is_digit)
    _sys_exit                                0x0800c997   Thumb Code     4  usart.o(i._sys_exit)
    audio_get_tnum                           0x0800c99b   Thumb Code   116  audioplay.o(i.audio_get_tnum)
    audio_play                               0x0800ca11   Thumb Code    44  audioplay.o(i.audio_play)
    audio_play_song                          0x0800ca51   Thumb Code    34  audioplay.o(i.audio_play_song)
    audio_start                              0x0800ca75   Thumb Code    14  audioplay.o(i.audio_start)
    audio_stop                               0x0800ca89   Thumb Code    14  audioplay.o(i.audio_stop)
    char_upper                               0x0800ca9d   Thumb Code    26  exfuns.o(i.char_upper)
    clust2sect                               0x0800cb8f   Thumb Code    26  ff.o(i.clust2sect)
    convert_from_bytes_to_power_of_two       0x0800cc39   Thumb Code    18  sdio_sdcard.o(i.convert_from_bytes_to_power_of_two)
    delay_init                               0x0800cf91   Thumb Code    52  delay.o(i.delay_init)
    delay_ms                                 0x0800cfcd   Thumb Code    56  delay.o(i.delay_ms)
    delay_us                                 0x0800d005   Thumb Code    72  delay.o(i.delay_us)
    delay_xms                                0x0800d051   Thumb Code    72  delay.o(i.delay_xms)
    dir_sdi                                  0x0800d4e1   Thumb Code   158  ff.o(i.dir_sdi)
    disk_initialize                          0x0800d581   Thumb Code    70  diskio.o(i.disk_initialize)
    disk_ioctl                               0x0800d5cd   Thumb Code   240  diskio.o(i.disk_ioctl)
    disk_read                                0x0800d6c9   Thumb Code   140  diskio.o(i.disk_read)
    disk_status                              0x0800d755   Thumb Code     6  diskio.o(i.disk_status)
    disk_write                               0x0800d75b   Thumb Code   140  diskio.o(i.disk_write)
    exfuns_init                              0x0800d7e9   Thumb Code   114  exfuns.o(i.exfuns_init)
    f_close                                  0x0800d86d   Thumb Code    36  ff.o(i.f_close)
    f_lseek                                  0x0800d891   Thumb Code   654  ff.o(i.f_lseek)
    f_mount                                  0x0800db21   Thumb Code    86  ff.o(i.f_mount)
    f_open                                   0x0800db7d   Thumb Code   384  ff.o(i.f_open)
    f_opendir                                0x0800dcfd   Thumb Code   136  ff.o(i.f_opendir)
    f_read                                   0x0800dd85   Thumb Code   432  ff.o(i.f_read)
    f_readdir                                0x0800df35   Thumb Code   114  ff.o(i.f_readdir)
    f_sync                                   0x0800dfa7   Thumb Code   176  ff.o(i.f_sync)
    f_typetell                               0x0800e059   Thumb Code   172  exfuns.o(i.f_typetell)
    ff_convert                               0x0800e109   Thumb Code   146  mycc936.o(i.ff_convert)
    ff_memalloc                              0x0800e1a1   Thumb Code    14  diskio.o(i.ff_memalloc)
    ff_memfree                               0x0800e1af   Thumb Code    14  diskio.o(i.ff_memfree)
    ff_wtoupper                              0x0800e1bd   Thumb Code    46  mycc936.o(i.ff_wtoupper)
    font_init                                0x0800e68d   Thumb Code    64  fontupd.o(i.font_init)
    fputc                                    0x0800e6d1   Thumb Code    22  usart.o(i.fputc)
    get_fat                                  0x0800e7b5   Thumb Code   232  ff.o(i.get_fat)
    get_fattime                              0x0800e89d   Thumb Code     4  diskio.o(i.get_fattime)
    main                                     0x0800ea19   Thumb Code   428  main.o(i.main)
    my_mem_free                              0x0800ecf5   Thumb Code    96  malloc.o(i.my_mem_free)
    my_mem_init                              0x0800ed61   Thumb Code    54  malloc.o(i.my_mem_init)
    my_mem_malloc                            0x0800eda5   Thumb Code   156  malloc.o(i.my_mem_malloc)
    my_mem_perused                           0x0800ee4d   Thumb Code    54  malloc.o(i.my_mem_perused)
    myfree                                   0x0800ee8d   Thumb Code    30  malloc.o(i.myfree)
    mymalloc                                 0x0800eeb1   Thumb Code    34  malloc.o(i.mymalloc)
    mymemset                                 0x0800eed9   Thumb Code    20  malloc.o(i.mymemset)
    put_fat                                  0x0800ef61   Thumb Code   310  ff.o(i.put_fat)
    read_addr                                0x0800f097   Thumb Code     6  usmart.o(i.read_addr)
    uart_init                                0x0800f24d   Thumb Code   164  usart.o(i.uart_init)
    usmart_cmd_rec                           0x0800f2f9   Thumb Code   170  usmart.o(i.usmart_cmd_rec)
    usmart_exe                               0x0800f3a9   Thumb Code   632  usmart.o(i.usmart_exe)
    usmart_get_aparm                         0x0800f67d   Thumb Code   200  usmart_str.o(i.usmart_get_aparm)
    usmart_get_cmdname                       0x0800f745   Thumb Code    54  usmart_str.o(i.usmart_get_cmdname)
    usmart_get_fname                         0x0800f77d   Thumb Code   440  usmart_str.o(i.usmart_get_fname)
    usmart_get_fparam                        0x0800f93d   Thumb Code   262  usmart_str.o(i.usmart_get_fparam)
    usmart_get_parmpos                       0x0800fa49   Thumb Code    26  usmart_str.o(i.usmart_get_parmpos)
    usmart_get_runtime                       0x0800fa69   Thumb Code    60  usmart.o(i.usmart_get_runtime)
    usmart_init                              0x0800faad   Thumb Code    36  usmart.o(i.usmart_init)
    usmart_pow                               0x0800fad5   Thumb Code    22  usmart_str.o(i.usmart_pow)
    usmart_reset_runtime                     0x0800faed   Thumb Code    38  usmart.o(i.usmart_reset_runtime)
    usmart_scan                              0x0800fb1d   Thumb Code   120  usmart.o(i.usmart_scan)
    usmart_search_nextc                      0x0800fbd9   Thumb Code    22  usmart_str.o(i.usmart_search_nextc)
    usmart_str2num                           0x0800fbef   Thumb Code   202  usmart_str.o(i.usmart_str2num)
    usmart_strcmp                            0x0800fcb9   Thumb Code    34  usmart_str.o(i.usmart_strcmp)
    usmart_strcopy                           0x0800fcdb   Thumb Code    22  usmart_str.o(i.usmart_strcopy)
    usmart_strlen                            0x0800fcf1   Thumb Code    24  usmart_str.o(i.usmart_strlen)
    usmart_sys_cmd_exe                       0x0800fd09   Thumb Code  1554  usmart.o(i.usmart_sys_cmd_exe)
    wav_buffill                              0x08010425   Thumb Code   156  wavplay.o(i.wav_buffill)
    wav_decode_init                          0x080104c5   Thumb Code   314  wavplay.o(i.wav_decode_init)
    wav_i2s_dma_tx_callback                  0x080106c1   Thumb Code    96  wavplay.o(i.wav_i2s_dma_tx_callback)
    wav_play_song                            0x08010731   Thumb Code   416  wavplay.o(i.wav_play_song)
    write_addr                               0x080108e9   Thumb Code     4  usmart.o(i.write_addr)
    __aeabi_d2uiz                            0x080108ed   Thumb Code     0  dfixu.o(x$fpl$dfixu)
    _dfixu                                   0x080108ed   Thumb Code    90  dfixu.o(x$fpl$dfixu)
    __aeabi_ui2d                             0x08010947   Thumb Code     0  dflt_clz.o(x$fpl$dfltu)
    _dfltu                                   0x08010947   Thumb Code    38  dflt_clz.o(x$fpl$dfltu)
    __aeabi_dmul                             0x0801096d   Thumb Code     0  dmul.o(x$fpl$dmul)
    _dmul                                    0x0801096d   Thumb Code   332  dmul.o(x$fpl$dmul)
    __fpl_dnaninf                            0x08010ac1   Thumb Code   156  dnaninf.o(x$fpl$dnaninf)
    __fpl_dretinf                            0x08010b5d   Thumb Code    12  dretinf.o(x$fpl$dretinf)
    _fp_init                                 0x08010b69   Thumb Code    10  fpinit.o(x$fpl$fpinit)
    __fplib_config_fpu_vfp                   0x08010b71   Thumb Code     0  fpinit.o(x$fpl$fpinit)
    __fplib_config_pureend_doubles           0x08010b71   Thumb Code     0  fpinit.o(x$fpl$fpinit)
    __I$use$fp                               0x08010b72   Number         0  usenofp.o(x$fpl$usenofp)
    I2S_PSC_TBL                              0x08010bc2   Data         110  i2s.o(.constdata)
    asc2_1206                                0x08010c30   Data        1140  lcd.o(.constdata)
    asc2_1608                                0x080110a4   Data        1520  lcd.o(.constdata)
    asc2_2412                                0x08011694   Data        3420  lcd.o(.constdata)
    memtblsize                               0x080123f0   Data          12  malloc.o(.constdata)
    memblksize                               0x080123fc   Data          12  malloc.o(.constdata)
    memsize                                  0x08012408   Data          12  malloc.o(.constdata)
    FILE_TYPE_TBL                            0x08012414   Data         112  exfuns.o(.constdata)
    Region$$Table$$Base                      0x08012af4   Number         0  anon$$obj.o(Region$$Table)
    Region$$Table$$Limit                     0x08012b14   Number         0  anon$$obj.o(Region$$Table)
    mem3base                                 0x10000000   Data       61440  malloc.o(.ARM.__AT_0x10000000)
    mem3mapbase                              0x1000f000   Data        3840  malloc.o(.ARM.__AT_0x1000F000)
    i2s_tx_callback                          0x20000010   Data           4  i2s.o(.data)
    POINT_COLOR                              0x20000014   Data           2  lcd.o(.data)
    BACK_COLOR                               0x20000016   Data           2  lcd.o(.data)
    TransferError                            0x20000022   Data           1  sdio_sdcard.o(.data)
    TransferEnd                              0x20000023   Data           1  sdio_sdcard.o(.data)
    tempbuff                                 0x20000024   Data           4  sdio_sdcard.o(.data)
    W25QXX_TYPE                              0x20000028   Data           2  w25qxx.o(.data)
    __stdout                                 0x200000a4   Data           4  usart.o(.data)
    USART_RX_STA                             0x200000a8   Data           2  usart.o(.data)
    mallco_dev                               0x200000ac   Data          36  malloc.o(.data)
    FLAG_PlayMusic                           0x200000d0   Data           1  audioplay.o(.data)
    sys_cmd_tab                              0x200000d4   Data          28  usmart.o(.data)
    usmart_nametab                           0x200000f0   Data         104  usmart_config.o(.data)
    usmart_dev                               0x20000158   Data         244  usmart_config.o(.data)
    file                                     0x2000024c   Data           4  exfuns.o(.data)
    ftemp                                    0x20000250   Data           4  exfuns.o(.data)
    br                                       0x20000254   Data           4  exfuns.o(.data)
    bw                                       0x20000258   Data           4  exfuns.o(.data)
    fatbuf                                   0x2000025c   Data           4  exfuns.o(.data)
    FLASH_SECTOR_COUNT                       0x20000260   Data           2  diskio.o(.data)
    wavtransferend                           0x20000264   Data           1  wavplay.o(.data)
    wavwitchbuf                              0x20000265   Data           1  wavplay.o(.data)
    USBH_HCD_INT_cb                          0x20000268   Data          12  usbh_core.o(.data)
    USBH_HCD_INT_fops                        0x20000274   Data           4  usbh_core.o(.data)
    MSC_Setup                                0x20000294   Data           8  usbh_msc_core.o(.data)
    MSCErrorCount                            0x2000029c   Data           1  usbh_msc_core.o(.data)
    USBH_MSC_cb                              0x200002a0   Data          16  usbh_msc_core.o(.data)
    USR_Callbacks                            0x200002b8   Data          72  usbh_usr.o(.data)
    lcddev                                   0x20000300   Data          14  lcd.o(.bss)
    SDIO_InitStructure                       0x20000310   Data          24  sdio_sdcard.o(.bss)
    SDIO_CmdInitStructure                    0x20000328   Data          20  sdio_sdcard.o(.bss)
    SDIO_DataInitStructure                   0x2000033c   Data          24  sdio_sdcard.o(.bss)
    SDCardInfo                               0x20000378   Data          88  sdio_sdcard.o(.bss)
    SDIO_DATA_BUFFER                         0x200003d0   Data         512  sdio_sdcard.o(.bss)
    W25QXX_BUFFER                            0x200005d0   Data        4096  w25qxx.o(.bss)
    USART_RX_BUF                             0x200015d0   Data         200  usart.o(.bss)
    mem1base                                 0x200016a0   Data       102400  malloc.o(.bss)
    mem1mapbase                              0x2001a6a0   Data        6400  malloc.o(.bss)
    USB_Host                                 0x2001bfa0   Data         148  audioplay.o(.bss)
    USB_OTG_Core                             0x2001c034   Data        1452  audioplay.o(.bss)
    audiodev                                 0x2001c5e0   Data          17  audioplay.o(.bss)
    fs                                       0x2001c5f4   Data          12  exfuns.o(.bss)
    fileinfo                                 0x2001c600   Data          32  exfuns.o(.bss)
    dir                                      0x2001c620   Data          36  exfuns.o(.bss)
    ftinfo                                   0x2001c650   Data          33  fontupd.o(.bss)
    wavctrl                                  0x2001c671   Data          32  wavplay.o(.bss)
    USBH_CfgDesc                             0x2001c691   Data         512  usbh_stdreq.o(.bss)
    USBH_MSC_CBWData                         0x2001c894   Data          32  usbh_msc_bot.o(.bss)
    USBH_MSC_CSWData                         0x2001c8b4   Data          16  usbh_msc_bot.o(.bss)
    USBH_MSC_BOTXferParam                    0x2001c8c4   Data          16  usbh_msc_bot.o(.bss)
    MSC_Machine                              0x2001c8d4   Data          74  usbh_msc_core.o(.bss)
    USBH_MSC_Param                           0x2001c920   Data          16  usbh_msc_scsi.o(.bss)
    USBH_DataInBuffer                        0x2001c930   Data         512  usbh_msc_scsi.o(.bss)
    USBH_DataOutBuffer                       0x2001cb30   Data         512  usbh_msc_scsi.o(.bss)
    __libspace_start                         0x2001cd30   Data          96  libspace.o(.bss)
    __temporary_stack_top$libspace           0x2001cd90   Data           0  libspace.o(.bss)
    mem2base                                 0x68000000   Data       983040  malloc.o(.ARM.__AT_0x68000000)
    mem2mapbase                              0x680f0000   Data       61440  malloc.o(.ARM.__AT_0x680F0000)



==============================================================================

Memory Map of the image

  Image Entry point : 0x08000189

  Load Region LR_IROM1 (Base: 0x08000000, Size: 0x00012e14, Max: 0x00100000, ABSOLUTE, COMPRESSED[0x00012c5c])

    Execution Region ER_IROM1 (Base: 0x08000000, Size: 0x00012b14, Max: 0x00100000, ABSOLUTE)

    Base Addr    Size         Type   Attr      Idx    E Section Name        Object

    0x08000000   0x00000188   Data   RO          333    RESET               startup_stm32f40_41xxx.o
    0x08000188   0x00000008   Code   RO         8528  * !!!main             c_w.l(__main.o)
    0x08000190   0x00000034   Code   RO         8729    !!!scatter          c_w.l(__scatter.o)
    0x080001c4   0x0000005a   Code   RO         8727    !!dczerorl2         c_w.l(__dczerorl2.o)
    0x0800021e   0x00000002   PAD
    0x08000220   0x0000001c   Code   RO         8731    !!handler_zi        c_w.l(__scatter_zi.o)
    0x0800023c   0x00000000   Code   RO         8513    .ARM.Collect$$_printf_percent$$00000000  c_w.l(_printf_percent.o)
    0x0800023c   0x00000006   Code   RO         8511    .ARM.Collect$$_printf_percent$$00000009  c_w.l(_printf_d.o)
    0x08000242   0x00000006   Code   RO         8512    .ARM.Collect$$_printf_percent$$0000000A  c_w.l(_printf_u.o)
    0x08000248   0x00000006   Code   RO         8510    .ARM.Collect$$_printf_percent$$0000000C  c_w.l(_printf_x.o)
    0x0800024e   0x00000006   Code   RO         8508    .ARM.Collect$$_printf_percent$$00000013  c_w.l(_printf_c.o)
    0x08000254   0x00000006   Code   RO         8509    .ARM.Collect$$_printf_percent$$00000014  c_w.l(_printf_s.o)
    0x0800025a   0x00000004   Code   RO         8553    .ARM.Collect$$_printf_percent$$00000017  c_w.l(_printf_percent_end.o)
    0x0800025e   0x00000002   Code   RO         8597    .ARM.Collect$$libinit$$00000000  c_w.l(libinit.o)
    0x08000260   0x00000004   Code   RO         8607    .ARM.Collect$$libinit$$00000001  c_w.l(libinit2.o)
    0x08000264   0x00000000   Code   RO         8610    .ARM.Collect$$libinit$$00000004  c_w.l(libinit2.o)
    0x08000264   0x00000000   Code   RO         8613    .ARM.Collect$$libinit$$0000000A  c_w.l(libinit2.o)
    0x08000264   0x00000000   Code   RO         8615    .ARM.Collect$$libinit$$0000000C  c_w.l(libinit2.o)
    0x08000264   0x00000000   Code   RO         8617    .ARM.Collect$$libinit$$0000000E  c_w.l(libinit2.o)
    0x08000264   0x00000000   Code   RO         8620    .ARM.Collect$$libinit$$00000011  c_w.l(libinit2.o)
    0x08000264   0x00000000   Code   RO         8622    .ARM.Collect$$libinit$$00000013  c_w.l(libinit2.o)
    0x08000264   0x00000000   Code   RO         8624    .ARM.Collect$$libinit$$00000015  c_w.l(libinit2.o)
    0x08000264   0x00000000   Code   RO         8626    .ARM.Collect$$libinit$$00000017  c_w.l(libinit2.o)
    0x08000264   0x00000000   Code   RO         8628    .ARM.Collect$$libinit$$00000019  c_w.l(libinit2.o)
    0x08000264   0x00000000   Code   RO         8630    .ARM.Collect$$libinit$$0000001B  c_w.l(libinit2.o)
    0x08000264   0x00000000   Code   RO         8632    .ARM.Collect$$libinit$$0000001D  c_w.l(libinit2.o)
    0x08000264   0x00000000   Code   RO         8634    .ARM.Collect$$libinit$$0000001F  c_w.l(libinit2.o)
    0x08000264   0x00000000   Code   RO         8636    .ARM.Collect$$libinit$$00000021  c_w.l(libinit2.o)
    0x08000264   0x00000000   Code   RO         8638    .ARM.Collect$$libinit$$00000023  c_w.l(libinit2.o)
    0x08000264   0x00000000   Code   RO         8640    .ARM.Collect$$libinit$$00000025  c_w.l(libinit2.o)
    0x08000264   0x00000000   Code   RO         8644    .ARM.Collect$$libinit$$0000002C  c_w.l(libinit2.o)
    0x08000264   0x00000000   Code   RO         8646    .ARM.Collect$$libinit$$0000002E  c_w.l(libinit2.o)
    0x08000264   0x00000000   Code   RO         8648    .ARM.Collect$$libinit$$00000030  c_w.l(libinit2.o)
    0x08000264   0x00000000   Code   RO         8650    .ARM.Collect$$libinit$$00000032  c_w.l(libinit2.o)
    0x08000264   0x00000002   Code   RO         8651    .ARM.Collect$$libinit$$00000033  c_w.l(libinit2.o)
    0x08000266   0x00000002   Code   RO         8679    .ARM.Collect$$libshutdown$$00000000  c_w.l(libshutdown.o)
    0x08000268   0x00000000   Code   RO         8693    .ARM.Collect$$libshutdown$$00000002  c_w.l(libshutdown2.o)
    0x08000268   0x00000000   Code   RO         8695    .ARM.Collect$$libshutdown$$00000004  c_w.l(libshutdown2.o)
    0x08000268   0x00000000   Code   RO         8698    .ARM.Collect$$libshutdown$$00000007  c_w.l(libshutdown2.o)
    0x08000268   0x00000000   Code   RO         8701    .ARM.Collect$$libshutdown$$0000000A  c_w.l(libshutdown2.o)
    0x08000268   0x00000000   Code   RO         8703    .ARM.Collect$$libshutdown$$0000000C  c_w.l(libshutdown2.o)
    0x08000268   0x00000000   Code   RO         8706    .ARM.Collect$$libshutdown$$0000000F  c_w.l(libshutdown2.o)
    0x08000268   0x00000002   Code   RO         8707    .ARM.Collect$$libshutdown$$00000010  c_w.l(libshutdown2.o)
    0x0800026a   0x00000000   Code   RO         8544    .ARM.Collect$$rtentry$$00000000  c_w.l(__rtentry.o)
    0x0800026a   0x00000000   Code   RO         8560    .ARM.Collect$$rtentry$$00000002  c_w.l(__rtentry2.o)
    0x0800026a   0x00000006   Code   RO         8572    .ARM.Collect$$rtentry$$00000004  c_w.l(__rtentry4.o)
    0x08000270   0x00000000   Code   RO         8562    .ARM.Collect$$rtentry$$00000009  c_w.l(__rtentry2.o)
    0x08000270   0x00000004   Code   RO         8563    .ARM.Collect$$rtentry$$0000000A  c_w.l(__rtentry2.o)
    0x08000274   0x00000000   Code   RO         8565    .ARM.Collect$$rtentry$$0000000C  c_w.l(__rtentry2.o)
    0x08000274   0x00000008   Code   RO         8566    .ARM.Collect$$rtentry$$0000000D  c_w.l(__rtentry2.o)
    0x0800027c   0x00000002   Code   RO         8601    .ARM.Collect$$rtexit$$00000000  c_w.l(rtexit.o)
    0x0800027e   0x00000000   Code   RO         8653    .ARM.Collect$$rtexit$$00000002  c_w.l(rtexit2.o)
    0x0800027e   0x00000004   Code   RO         8654    .ARM.Collect$$rtexit$$00000003  c_w.l(rtexit2.o)
    0x08000282   0x00000006   Code   RO         8655    .ARM.Collect$$rtexit$$00000004  c_w.l(rtexit2.o)
    0x08000288   0x00000010   Code   RO         6157    .emb_text           sys.o
    0x08000298   0x00000040   Code   RO          334    .text               startup_stm32f40_41xxx.o
    0x080002d8   0x00000002   Code   RO         8451    .text               c_w.l(use_no_semi_2.o)
    0x080002da   0x00000048   Code   RO         8453    .text               c_w.l(llsdiv.o)
    0x08000322   0x00000002   PAD
    0x08000324   0x00000018   Code   RO         8457    .text               c_w.l(noretval__2printf.o)
    0x0800033c   0x0000004e   Code   RO         8461    .text               c_w.l(_printf_pad.o)
    0x0800038a   0x00000052   Code   RO         8463    .text               c_w.l(_printf_str.o)
    0x080003dc   0x00000078   Code   RO         8465    .text               c_w.l(_printf_dec.o)
    0x08000454   0x00000058   Code   RO         8470    .text               c_w.l(_printf_hex_int.o)
    0x080004ac   0x00000188   Code   RO         8505    .text               c_w.l(__printf_flags_ss_wp.o)
    0x08000634   0x00000048   Code   RO         8514    .text               c_w.l(strcpy.o)
    0x0800067c   0x00000018   Code   RO         8518    .text               c_w.l(strcat.o)
    0x08000694   0x0000008a   Code   RO         8520    .text               c_w.l(rt_memcpy_v6.o)
    0x0800071e   0x00000064   Code   RO         8522    .text               c_w.l(rt_memcpy_w.o)
    0x08000782   0x00000002   PAD
    0x08000784   0x00000080   Code   RO         8524    .text               c_w.l(strcmpv7m.o)
    0x08000804   0x00000006   Code   RO         8526    .text               c_w.l(heapauxi.o)
    0x0800080a   0x00000002   Code   RO         8542    .text               c_w.l(use_no_semi.o)
    0x0800080c   0x000000ee   Code   RO         8545    .text               c_w.l(lludivv7m.o)
    0x080008fa   0x000000b2   Code   RO         8547    .text               c_w.l(_printf_intcommon.o)
    0x080009ac   0x0000002c   Code   RO         8549    .text               c_w.l(_printf_char.o)
    0x080009d8   0x00000024   Code   RO         8551    .text               c_w.l(_printf_char_file.o)
    0x080009fc   0x00000030   Code   RO         8578    .text               c_w.l(_printf_char_common.o)
    0x08000a2c   0x00000008   Code   RO         8580    .text               c_w.l(ferror.o)
    0x08000a34   0x0000004a   Code   RO         8584    .text               c_w.l(sys_stackheap_outer.o)
    0x08000a7e   0x00000012   Code   RO         8590    .text               c_w.l(exit.o)
    0x08000a90   0x00000008   Code   RO         8598    .text               c_w.l(libspace.o)
    0x08000a98   0x00000040   Code   RO         5116    i.BEEP_Init         beep.o
    0x08000ad8   0x00000004   Code   RO          225    i.BusFault_Handler  stm32f4xx_it.o
    0x08000adc   0x00000030   Code   RO         5572    i.CmdError          sdio_sdcard.o
    0x08000b0c   0x00000064   Code   RO         5573    i.CmdResp1Error     sdio_sdcard.o
    0x08000b70   0x00000054   Code   RO         5574    i.CmdResp2Error     sdio_sdcard.o
    0x08000bc4   0x00000038   Code   RO         5575    i.CmdResp3Error     sdio_sdcard.o
    0x08000bfc   0x00000094   Code   RO         5576    i.CmdResp6Error     sdio_sdcard.o
    0x08000c90   0x0000004c   Code   RO         5577    i.CmdResp7Error     sdio_sdcard.o
    0x08000cdc   0x0000002c   Code   RO         5231    i.DMA1_Stream4_IRQHandler  i2s.o
    0x08000d08   0x00000034   Code   RO         1354    i.DMA_ClearITPendingBit  stm32f4xx_dma.o
    0x08000d3c   0x00000016   Code   RO         1355    i.DMA_Cmd           stm32f4xx_dma.o
    0x08000d52   0x00000002   PAD
    0x08000d54   0x00000158   Code   RO         1356    i.DMA_DeInit        stm32f4xx_dma.o
    0x08000eac   0x00000016   Code   RO         1357    i.DMA_DoubleBufferModeCmd  stm32f4xx_dma.o
    0x08000ec2   0x00000018   Code   RO         1358    i.DMA_DoubleBufferModeConfig  stm32f4xx_dma.o
    0x08000eda   0x00000016   Code   RO         1359    i.DMA_FlowControllerConfig  stm32f4xx_dma.o
    0x08000ef0   0x00000014   Code   RO         1360    i.DMA_GetCmdStatus  stm32f4xx_dma.o
    0x08000f04   0x00000064   Code   RO         1365    i.DMA_GetITStatus   stm32f4xx_dma.o
    0x08000f68   0x0000003a   Code   RO         1366    i.DMA_ITConfig      stm32f4xx_dma.o
    0x08000fa2   0x00000002   PAD
    0x08000fa4   0x00000058   Code   RO         1367    i.DMA_Init          stm32f4xx_dma.o
    0x08000ffc   0x00000002   Code   RO          226    i.DebugMon_Handler  stm32f4xx_it.o
    0x08000ffe   0x00000002   PAD
    0x08001000   0x00000030   Code   RO         6109    i.EXTI0_IRQHandler  exti.o
    0x08001030   0x00000030   Code   RO         6110    i.EXTI1_IRQHandler  exti.o
    0x08001060   0x00000094   Code   RO         6111    i.EXTIX_Init        exti.o
    0x080010f4   0x0000000c   Code   RO         1613    i.EXTI_ClearITPendingBit  stm32f4xx_exti.o
    0x08001100   0x00000094   Code   RO         1618    i.EXTI_Init         stm32f4xx_exti.o
    0x08001194   0x00000034   Code   RO         1968    i.FSMC_NORSRAMCmd   stm32f4xx_fsmc.o
    0x080011c8   0x000000e6   Code   RO         1970    i.FSMC_NORSRAMInit  stm32f4xx_fsmc.o
    0x080012ae   0x00000002   PAD
    0x080012b0   0x00000194   Code   RO         5578    i.FindSCR           sdio_sdcard.o
    0x08001444   0x00000030   Code   RO         6112    i.GPIOC_Init        exti.o
    0x08001474   0x00000090   Code   RO         2089    i.GPIO_Init         stm32f4xx_gpio.o
    0x08001504   0x00000046   Code   RO         2090    i.GPIO_PinAFConfig  stm32f4xx_gpio.o
    0x0800154a   0x00000004   Code   RO         2096    i.GPIO_ResetBits    stm32f4xx_gpio.o
    0x0800154e   0x00000004   Code   RO         2097    i.GPIO_SetBits      stm32f4xx_gpio.o
    0x08001552   0x00000002   PAD
    0x08001554   0x000000e0   Code   RO         7365    i.Get_HzMat         text.o
    0x08001634   0x0000000a   Code   RO         7637    i.HCD_GetCurrentFrame  usb_hcd.o
    0x0800163e   0x00000014   Code   RO         7638    i.HCD_GetCurrentSpeed  usb_hcd.o
    0x08001652   0x0000000a   Code   RO         7640    i.HCD_GetURB_State  usb_hcd.o
    0x0800165c   0x0000000c   Code   RO         7641    i.HCD_GetXferCnt    usb_hcd.o
    0x08001668   0x00000060   Code   RO         7643    i.HCD_Init          usb_hcd.o
    0x080016c8   0x00000008   Code   RO         7644    i.HCD_IsDeviceConnected  usb_hcd.o
    0x080016d0   0x0000000e   Code   RO         7645    i.HCD_ResetPort     usb_hcd.o
    0x080016de   0x00000020   Code   RO         7646    i.HCD_SubmitRequest  usb_hcd.o
    0x080016fe   0x00000004   Code   RO          227    i.HardFault_Handler  stm32f4xx_it.o
    0x08001702   0x00000002   PAD
    0x08001704   0x00000064   Code   RO         5232    i.I2S2_Init         i2s.o
    0x08001768   0x000000a0   Code   RO         5233    i.I2S2_SampleRate_Set  i2s.o
    0x08001808   0x000000a4   Code   RO         5234    i.I2S2_TX_DMA_Init  i2s.o
    0x080018ac   0x00000018   Code   RO         4064    i.I2S_Cmd           stm32f4xx_spi.o
    0x080018c4   0x00000198   Code   RO         4066    i.I2S_Init          stm32f4xx_spi.o
    0x08001a5c   0x00000010   Code   RO         5235    i.I2S_Play_Start    i2s.o
    0x08001a6c   0x00000010   Code   RO         5236    i.I2S_Play_Stop     i2s.o
    0x08001a7c   0x0000004c   Code   RO         5293    i.IIC_Init          myiic.o
    0x08001ac8   0x00000068   Code   RO         5296    i.IIC_Send_Byte     myiic.o
    0x08001b30   0x0000004c   Code   RO         5297    i.IIC_Start         myiic.o
    0x08001b7c   0x0000004c   Code   RO         5298    i.IIC_Stop          myiic.o
    0x08001bc8   0x00000060   Code   RO         5299    i.IIC_Wait_Ack      myiic.o
    0x08001c28   0x000000a0   Code   RO         5579    i.IsCardProgramming  sdio_sdcard.o
    0x08001cc8   0x00000044   Code   RO         5136    i.KEY_Init          key.o
    0x08001d0c   0x0000006c   Code   RO         5355    i.LCD_Clear         lcd.o
    0x08001d78   0x000001c0   Code   RO         5359    i.LCD_Display_Dir   lcd.o
    0x08001f38   0x00000180   Code   RO         5364    i.LCD_Fast_DrawPoint  lcd.o
    0x080020b8   0x000000b8   Code   RO         5365    i.LCD_Fill          lcd.o
    0x08002170   0x00003970   Code   RO         5366    i.LCD_Init          lcd.o
    0x08005ae0   0x00000014   Code   RO         5368    i.LCD_RD_DATA       lcd.o
    0x08005af4   0x00000016   Code   RO         5370    i.LCD_ReadReg       lcd.o
    0x08005b0a   0x00000002   PAD
    0x08005b0c   0x00000060   Code   RO         5371    i.LCD_SSD_BackLightSet  lcd.o
    0x08005b6c   0x000002ec   Code   RO         5372    i.LCD_Scan_Dir      lcd.o
    0x08005e58   0x000001a8   Code   RO         5373    i.LCD_SetCursor     lcd.o
    0x08006000   0x00000128   Code   RO         5375    i.LCD_ShowChar      lcd.o
    0x08006128   0x00000066   Code   RO         5377    i.LCD_ShowString    lcd.o
    0x0800618e   0x00000002   PAD
    0x08006190   0x00000018   Code   RO         5379    i.LCD_WR_DATA       lcd.o
    0x080061a8   0x00000018   Code   RO         5380    i.LCD_WR_REG        lcd.o
    0x080061c0   0x00000014   Code   RO         5382    i.LCD_WriteRAM_Prepare  lcd.o
    0x080061d4   0x00000014   Code   RO         5383    i.LCD_WriteReg      lcd.o
    0x080061e8   0x00000040   Code   RO         5096    i.LED_Init          led.o
    0x08006228   0x00000004   Code   RO          228    i.MemManage_Handler  stm32f4xx_it.o
    0x0800622c   0x00000002   Code   RO          229    i.NMI_Handler       stm32f4xx_it.o
    0x0800622e   0x00000002   PAD
    0x08006230   0x00000078   Code   RO          340    i.NVIC_Init         misc.o
    0x080062a8   0x00000014   Code   RO          341    i.NVIC_PriorityGroupConfig  misc.o
    0x080062bc   0x00000010   Code   RO         8297    i.OTG_FS_IRQHandler  usbh_usr.o
    0x080062cc   0x00000002   Code   RO          230    i.PendSV_Handler    stm32f4xx_it.o
    0x080062ce   0x00000002   PAD
    0x080062d0   0x00000020   Code   RO         2953    i.RCC_AHB1PeriphClockCmd  stm32f4xx_rcc.o
    0x080062f0   0x00000020   Code   RO         2956    i.RCC_AHB2PeriphClockCmd  stm32f4xx_rcc.o
    0x08006310   0x00000020   Code   RO         2959    i.RCC_AHB3PeriphClockCmd  stm32f4xx_rcc.o
    0x08006330   0x00000020   Code   RO         2962    i.RCC_APB1PeriphClockCmd  stm32f4xx_rcc.o
    0x08006350   0x00000020   Code   RO         2964    i.RCC_APB1PeriphResetCmd  stm32f4xx_rcc.o
    0x08006370   0x00000020   Code   RO         2965    i.RCC_APB2PeriphClockCmd  stm32f4xx_rcc.o
    0x08006390   0x00000020   Code   RO         2967    i.RCC_APB2PeriphResetCmd  stm32f4xx_rcc.o
    0x080063b0   0x000000e8   Code   RO         2974    i.RCC_GetClocksFreq  stm32f4xx_rcc.o
    0x08006498   0x0000000c   Code   RO         2993    i.RCC_PLLI2SCmd     stm32f4xx_rcc.o
    0x080064a4   0x00000010   Code   RO         2994    i.RCC_PLLI2SConfig  stm32f4xx_rcc.o
    0x080064b4   0x000000ac   Code   RO         5580    i.SDEnWideBus       sdio_sdcard.o
    0x08006560   0x0000000c   Code   RO         3871    i.SDIO_ClearFlag    stm32f4xx_sdio.o
    0x0800656c   0x00000014   Code   RO         5581    i.SDIO_Clock_Set    sdio_sdcard.o
    0x08006580   0x00000034   Code   RO         3877    i.SDIO_DataConfig   stm32f4xx_sdio.o
    0x080065b4   0x00000018   Code   RO         3883    i.SDIO_GetFlagStatus  stm32f4xx_sdio.o
    0x080065cc   0x00000010   Code   RO         3885    i.SDIO_GetPowerState  stm32f4xx_sdio.o
    0x080065dc   0x00000008   Code   RO         5582    i.SDIO_IRQHandler   sdio_sdcard.o
    0x080065e4   0x00000030   Code   RO         3888    i.SDIO_Init         stm32f4xx_sdio.o
    0x08006614   0x00000038   Code   RO         5583    i.SDIO_Register_Deinit  sdio_sdcard.o
    0x0800664c   0x0000002c   Code   RO         3891    i.SDIO_SendCommand  stm32f4xx_sdio.o
    0x08006678   0x0000000c   Code   RO         3893    i.SDIO_SetPowerState  stm32f4xx_sdio.o
    0x08006684   0x00000080   Code   RO         5584    i.SD_DMA_Config     sdio_sdcard.o
    0x08006704   0x00000068   Code   RO         5585    i.SD_EnableWideBusOperation  sdio_sdcard.o
    0x0800676c   0x00000314   Code   RO         5586    i.SD_GetCardInfo    sdio_sdcard.o
    0x08006a80   0x00000130   Code   RO         5588    i.SD_Init           sdio_sdcard.o
    0x08006bb0   0x00000164   Code   RO         5589    i.SD_InitializeCards  sdio_sdcard.o
    0x08006d14   0x000001e4   Code   RO         5591    i.SD_PowerON        sdio_sdcard.o
    0x08006ef8   0x00000154   Code   RO         5592    i.SD_ProcessIRQSrc  sdio_sdcard.o
    0x0800704c   0x00000268   Code   RO         5593    i.SD_ReadBlock      sdio_sdcard.o
    0x080072b4   0x00000098   Code   RO         5594    i.SD_ReadDisk       sdio_sdcard.o
    0x0800734c   0x000002f4   Code   RO         5595    i.SD_ReadMultiBlocks  sdio_sdcard.o
    0x08007640   0x00000030   Code   RO         5596    i.SD_SelectDeselect  sdio_sdcard.o
    0x08007670   0x00000018   Code   RO         5598    i.SD_SetDeviceMode  sdio_sdcard.o
    0x08007688   0x00000388   Code   RO         5599    i.SD_WriteBlock     sdio_sdcard.o
    0x08007a10   0x00000098   Code   RO         5600    i.SD_WriteDisk      sdio_sdcard.o
    0x08007aa8   0x000003d0   Code   RO         5601    i.SD_WriteMultiBlocks  sdio_sdcard.o
    0x08007e78   0x000000c4   Code   RO         5786    i.SPI1_Init         spi.o
    0x08007f3c   0x00000038   Code   RO         5787    i.SPI1_ReadWriteByte  spi.o
    0x08007f74   0x00000028   Code   RO         5788    i.SPI1_SetSpeed     spi.o
    0x08007f9c   0x00000018   Code   RO         4070    i.SPI_Cmd           stm32f4xx_spi.o
    0x08007fb4   0x00000012   Code   RO         4076    i.SPI_I2S_DMACmd    stm32f4xx_spi.o
    0x08007fc6   0x00000012   Code   RO         4078    i.SPI_I2S_GetFlagStatus  stm32f4xx_spi.o
    0x08007fd8   0x00000006   Code   RO         4081    i.SPI_I2S_ReceiveData  stm32f4xx_spi.o
    0x08007fde   0x00000004   Code   RO         4082    i.SPI_I2S_SendData  stm32f4xx_spi.o
    0x08007fe2   0x0000003c   Code   RO         4083    i.SPI_Init          stm32f4xx_spi.o
    0x0800801e   0x00000002   Code   RO          231    i.SVC_Handler       stm32f4xx_it.o
    0x08008020   0x00000040   Code   RO         4231    i.SYSCFG_EXTILineConfig  stm32f4xx_syscfg.o
    0x08008060   0x000000ec   Code   RO          296    i.SetSysClock       system_stm32f4xx.o
    0x0800814c   0x000000c8   Code   RO         7366    i.Show_Font         text.o
    0x08008214   0x000000c2   Code   RO         7367    i.Show_Str          text.o
    0x080082d6   0x00000028   Code   RO          344    i.SysTick_CLKSourceConfig  misc.o
    0x080082fe   0x00000002   Code   RO          232    i.SysTick_Handler   stm32f4xx_it.o
    0x08008300   0x00000068   Code   RO          298    i.SystemInit        system_stm32f4xx.o
    0x08008368   0x00000038   Code   RO         6481    i.TIM4_IRQHandler   usmart.o
    0x080083a0   0x00000006   Code   RO         4294    i.TIM_ClearFlag     stm32f4xx_tim.o
    0x080083a6   0x00000006   Code   RO         4295    i.TIM_ClearITPendingBit  stm32f4xx_tim.o
    0x080083ac   0x00000018   Code   RO         4300    i.TIM_Cmd           stm32f4xx_tim.o
    0x080083c4   0x00000006   Code   RO         4319    i.TIM_GetCounter    stm32f4xx_tim.o
    0x080083ca   0x00000012   Code   RO         4320    i.TIM_GetFlagStatus  stm32f4xx_tim.o
    0x080083dc   0x00000022   Code   RO         4321    i.TIM_GetITStatus   stm32f4xx_tim.o
    0x080083fe   0x00000012   Code   RO         4325    i.TIM_ITConfig      stm32f4xx_tim.o
    0x08008410   0x00000004   Code   RO         4360    i.TIM_SetAutoreload  stm32f4xx_tim.o
    0x08008414   0x00000004   Code   RO         4366    i.TIM_SetCounter    stm32f4xx_tim.o
    0x08008418   0x00000084   Code   RO         4372    i.TIM_TimeBaseInit  stm32f4xx_tim.o
    0x0800849c   0x0000005c   Code   RO         6482    i.Timer4_Init       usmart.o
    0x080084f8   0x00000088   Code   RO         6215    i.USART1_IRQHandler  usart.o
    0x08008580   0x00000018   Code   RO         4850    i.USART_Cmd         stm32f4xx_usart.o
    0x08008598   0x00000054   Code   RO         4854    i.USART_GetITStatus  stm32f4xx_usart.o
    0x080085ec   0x0000004a   Code   RO         4856    i.USART_ITConfig    stm32f4xx_usart.o
    0x08008636   0x00000002   PAD
    0x08008638   0x000000d4   Code   RO         4857    i.USART_Init        stm32f4xx_usart.o
    0x0800870c   0x0000000a   Code   RO         4864    i.USART_ReceiveData  stm32f4xx_usart.o
    0x08008716   0x00000026   Code   RO         7854    i.USBH_Alloc_Channel  usbh_hcs.o
    0x0800873c   0x00000060   Code   RO         7903    i.USBH_BulkReceiveData  usbh_ioreq.o
    0x0800879c   0x0000005e   Code   RO         7904    i.USBH_BulkSendData  usbh_ioreq.o
    0x080087fa   0x0000004c   Code   RO         7982    i.USBH_ClrFeature   usbh_stdreq.o
    0x08008846   0x0000000c   Code   RO         7781    i.USBH_Connected    usbh_core.o
    0x08008852   0x00000046   Code   RO         7905    i.USBH_CtlReceiveData  usbh_ioreq.o
    0x08008898   0x00000064   Code   RO         7906    i.USBH_CtlReq       usbh_ioreq.o
    0x080088fc   0x0000006e   Code   RO         7907    i.USBH_CtlSendData  usbh_ioreq.o
    0x0800896a   0x00000042   Code   RO         7908    i.USBH_CtlSendSetup  usbh_ioreq.o
    0x080089ac   0x0000001c   Code   RO         7855    i.USBH_DeAllocate_AllChannel  usbh_hcs.o
    0x080089c8   0x0000003a   Code   RO         7782    i.USBH_DeInit       usbh_core.o
    0x08008a02   0x0000000c   Code   RO         7783    i.USBH_Disconnected  usbh_core.o
    0x08008a0e   0x0000002e   Code   RO         7784    i.USBH_ErrorHandle  usbh_core.o
    0x08008a3c   0x0000001e   Code   RO         7856    i.USBH_Free_Channel  usbh_hcs.o
    0x08008a5a   0x00000044   Code   RO         7983    i.USBH_GetDescriptor  usbh_stdreq.o
    0x08008a9e   0x00000028   Code   RO         7857    i.USBH_GetFreeChannel  usbh_hcs.o
    0x08008ac6   0x00000012   Code   RO         7984    i.USBH_GetNextDesc  usbh_stdreq.o
    0x08008ad8   0x0000005c   Code   RO         7985    i.USBH_Get_CfgDesc  usbh_stdreq.o
    0x08008b34   0x00000038   Code   RO         7986    i.USBH_Get_DevDesc  usbh_stdreq.o
    0x08008b6c   0x0000003c   Code   RO         7987    i.USBH_Get_StringDesc  usbh_stdreq.o
    0x08008ba8   0x00000224   Code   RO         7785    i.USBH_HandleControl  usbh_core.o
    0x08008dcc   0x000001dc   Code   RO         7786    i.USBH_HandleEnum   usbh_core.o
    0x08008fa8   0x00000046   Code   RO         7787    i.USBH_Init         usbh_core.o
    0x08008fee   0x00000024   Code   RO         8127    i.USBH_MSC_BOTReset  usbh_msc_core.o
    0x08009012   0x00000002   PAD
    0x08009014   0x00000060   Code   RO         8082    i.USBH_MSC_BOT_Abort  usbh_msc_bot.o
    0x08009074   0x00000014   Code   RO         8128    i.USBH_MSC_ClassRequest  usbh_msc_core.o
    0x08009088   0x00000080   Code   RO         8083    i.USBH_MSC_DecodeCSW  usbh_msc_bot.o
    0x08009108   0x00000044   Code   RO         8129    i.USBH_MSC_ErrorHandle  usbh_msc_core.o
    0x0800914c   0x0000002c   Code   RO         8130    i.USBH_MSC_GETMaxLUN  usbh_msc_core.o
    0x08009178   0x000001a8   Code   RO         8131    i.USBH_MSC_Handle   usbh_msc_core.o
    0x08009320   0x00000350   Code   RO         8084    i.USBH_MSC_HandleBOTXfer  usbh_msc_bot.o
    0x08009670   0x00000044   Code   RO         8085    i.USBH_MSC_Init     usbh_msc_bot.o
    0x080096b4   0x0000004c   Code   RO         8132    i.USBH_MSC_InterfaceDeInit  usbh_msc_core.o
    0x08009700   0x000000d0   Code   RO         8133    i.USBH_MSC_InterfaceInit  usbh_msc_core.o
    0x080097d0   0x000000d0   Code   RO         8184    i.USBH_MSC_ModeSense6  usbh_msc_scsi.o
    0x080098a0   0x00000100   Code   RO         8185    i.USBH_MSC_Read10   usbh_msc_scsi.o
    0x080099a0   0x000000dc   Code   RO         8186    i.USBH_MSC_ReadCapacity10  usbh_msc_scsi.o
    0x08009a7c   0x000000e0   Code   RO         8187    i.USBH_MSC_RequestSense  usbh_msc_scsi.o
    0x08009b5c   0x000000b0   Code   RO         8188    i.USBH_MSC_TestUnitReady  usbh_msc_scsi.o
    0x08009c0c   0x000000e4   Code   RO         8189    i.USBH_MSC_Write10  usbh_msc_scsi.o
    0x08009cf0   0x00000064   Code   RO         7858    i.USBH_Modify_Channel  usbh_hcs.o
    0x08009d54   0x000000a8   Code   RO         7711    i.USBH_OTG_ISR_Handler  usb_hcd_int.o
    0x08009dfc   0x0000009a   Code   RO         7859    i.USBH_Open_Channel  usbh_hcs.o
    0x08009e96   0x00000002   PAD
    0x08009e98   0x00000120   Code   RO         7988    i.USBH_ParseCfgDesc  usbh_stdreq.o
    0x08009fb8   0x00000058   Code   RO         7989    i.USBH_ParseDevDesc  usbh_stdreq.o
    0x0800a010   0x00000020   Code   RO         7990    i.USBH_ParseEPDesc  usbh_stdreq.o
    0x0800a030   0x00000026   Code   RO         7991    i.USBH_ParseInterfaceDesc  usbh_stdreq.o
    0x0800a056   0x00000036   Code   RO         7992    i.USBH_ParseStringDesc  usbh_stdreq.o
    0x0800a08c   0x000001a2   Code   RO         7788    i.USBH_Process      usbh_core.o
    0x0800a22e   0x00000006   Code   RO         7789    i.USBH_SOF          usbh_core.o
    0x0800a234   0x00000026   Code   RO         7993    i.USBH_SetAddress   usbh_stdreq.o
    0x0800a25a   0x00000026   Code   RO         7994    i.USBH_SetCfg       usbh_stdreq.o
    0x0800a280   0x00000018   Code   RO         7913    i.USBH_SubmitSetupRequest  usbh_ioreq.o
    0x0800a298   0x00000060   Code   RO         8298    i.USBH_UDISK_Read   usbh_usr.o
    0x0800a2f8   0x00000010   Code   RO         8299    i.USBH_UDISK_Status  usbh_usr.o
    0x0800a308   0x00000060   Code   RO         8300    i.USBH_UDISK_Write  usbh_usr.o
    0x0800a368   0x0000004c   Code   RO         8301    i.USBH_USR_Configuration_DescAvailable  usbh_usr.o
    0x0800a3b4   0x0000000c   Code   RO         8302    i.USBH_USR_DeInit   usbh_usr.o
    0x0800a3c0   0x00000020   Code   RO         8303    i.USBH_USR_DeviceAddressAssigned  usbh_usr.o
    0x0800a3e0   0x0000002c   Code   RO         8304    i.USBH_USR_DeviceAttached  usbh_usr.o
    0x0800a40c   0x00000024   Code   RO         8305    i.USBH_USR_DeviceDisconnected  usbh_usr.o
    0x0800a430   0x00000024   Code   RO         8306    i.USBH_USR_DeviceNotSupported  usbh_usr.o
    0x0800a454   0x00000078   Code   RO         8307    i.USBH_USR_DeviceSpeedDetected  usbh_usr.o
    0x0800a4cc   0x00000038   Code   RO         8308    i.USBH_USR_Device_DescAvailable  usbh_usr.o
    0x0800a504   0x00000020   Code   RO         8309    i.USBH_USR_EnumerationDone  usbh_usr.o
    0x0800a524   0x00000070   Code   RO         8310    i.USBH_USR_Init     usbh_usr.o
    0x0800a594   0x00000054   Code   RO         8311    i.USBH_USR_MSC_Application  usbh_usr.o
    0x0800a5e8   0x00000024   Code   RO         8312    i.USBH_USR_Manufacturer_String  usbh_usr.o
    0x0800a60c   0x00000020   Code   RO         8313    i.USBH_USR_OverCurrentDetected  usbh_usr.o
    0x0800a62c   0x00000020   Code   RO         8314    i.USBH_USR_Product_String  usbh_usr.o
    0x0800a64c   0x0000001c   Code   RO         8315    i.USBH_USR_ResetDevice  usbh_usr.o
    0x0800a668   0x00000024   Code   RO         8316    i.USBH_USR_SerialNum_String  usbh_usr.o
    0x0800a68c   0x00000024   Code   RO         8317    i.USBH_USR_UnrecoveredError  usbh_usr.o
    0x0800a6b0   0x00000020   Code   RO         8318    i.USBH_USR_UserInput  usbh_usr.o
    0x0800a6d0   0x00000002   Code   RO         8241    i.USB_OTG_BSP_ConfigVBUS  usb_bsp.o
    0x0800a6d2   0x00000002   Code   RO         8243    i.USB_OTG_BSP_DriveVBUS  usb_bsp.o
    0x0800a6d4   0x00000024   Code   RO         8244    i.USB_OTG_BSP_EnableInterrupt  usb_bsp.o
    0x0800a6f8   0x00000078   Code   RO         8245    i.USB_OTG_BSP_Init  usb_bsp.o
    0x0800a770   0x0000000c   Code   RO         8246    i.USB_OTG_BSP_mDelay  usb_bsp.o
    0x0800a77c   0x0000000c   Code   RO         8247    i.USB_OTG_BSP_uDelay  usb_bsp.o
    0x0800a788   0x00000126   Code   RO         7451    i.USB_OTG_CoreInit  usb_core.o
    0x0800a8ae   0x000000d6   Code   RO         7452    i.USB_OTG_CoreInitHost  usb_core.o
    0x0800a984   0x00000070   Code   RO         7453    i.USB_OTG_CoreReset  usb_core.o
    0x0800a9f4   0x00000022   Code   RO         7454    i.USB_OTG_DisableGlobalInt  usb_core.o
    0x0800aa16   0x0000005c   Code   RO         7455    i.USB_OTG_DriveVbus  usb_core.o
    0x0800aa72   0x00000034   Code   RO         7456    i.USB_OTG_EnableCommonInt  usb_core.o
    0x0800aaa6   0x00000022   Code   RO         7457    i.USB_OTG_EnableGlobalInt  usb_core.o
    0x0800aac8   0x00000074   Code   RO         7458    i.USB_OTG_EnableHostInt  usb_core.o
    0x0800ab3c   0x0000004c   Code   RO         7459    i.USB_OTG_FlushRxFifo  usb_core.o
    0x0800ab88   0x00000054   Code   RO         7460    i.USB_OTG_FlushTxFifo  usb_core.o
    0x0800abdc   0x0000000c   Code   RO         7461    i.USB_OTG_GetMode   usb_core.o
    0x0800abe8   0x0000005a   Code   RO         7462    i.USB_OTG_HC_DoPing  usb_core.o
    0x0800ac42   0x00000082   Code   RO         7463    i.USB_OTG_HC_Halt   usb_core.o
    0x0800acc4   0x00000238   Code   RO         7464    i.USB_OTG_HC_Init   usb_core.o
    0x0800aefc   0x000001f6   Code   RO         7465    i.USB_OTG_HC_StartXfer  usb_core.o
    0x0800b0f2   0x00000018   Code   RO         7466    i.USB_OTG_InitFSLSPClkSel  usb_core.o
    0x0800b10a   0x00000010   Code   RO         7468    i.USB_OTG_IsEvenFrame  usb_core.o
    0x0800b11a   0x00000014   Code   RO         7469    i.USB_OTG_IsHostMode  usb_core.o
    0x0800b12e   0x00000010   Code   RO         7470    i.USB_OTG_ReadCoreItr  usb_core.o
    0x0800b13e   0x00000030   Code   RO         7471    i.USB_OTG_ReadHPRT0  usb_core.o
    0x0800b16e   0x00000008   Code   RO         7472    i.USB_OTG_ReadHostAllChannels_intr  usb_core.o
    0x0800b176   0x00000028   Code   RO         7474    i.USB_OTG_ReadPacket  usb_core.o
    0x0800b19e   0x00000040   Code   RO         7475    i.USB_OTG_ResetPort  usb_core.o
    0x0800b1de   0x00000002   PAD
    0x0800b1e0   0x000000d0   Code   RO         7476    i.USB_OTG_SelectCore  usb_core.o
    0x0800b2b0   0x0000004e   Code   RO         7477    i.USB_OTG_SetCurrentMode  usb_core.o
    0x0800b2fe   0x00000002   PAD
    0x0800b300   0x0000002c   Code   RO         7712    i.USB_OTG_USBH_handle_Disconnect_ISR  usb_hcd_int.o
    0x0800b32c   0x00000046   Code   RO         7713    i.USB_OTG_USBH_handle_IncompletePeriodicXfer_ISR  usb_hcd_int.o
    0x0800b372   0x00000056   Code   RO         7714    i.USB_OTG_USBH_handle_hc_ISR  usb_hcd_int.o
    0x0800b3c8   0x0000042a   Code   RO         7715    i.USB_OTG_USBH_handle_hc_n_In_ISR  usb_hcd_int.o
    0x0800b7f2   0x000003d0   Code   RO         7716    i.USB_OTG_USBH_handle_hc_n_Out_ISR  usb_hcd_int.o
    0x0800bbc2   0x0000012e   Code   RO         7717    i.USB_OTG_USBH_handle_nptxfempty_ISR  usb_hcd_int.o
    0x0800bcf0   0x00000120   Code   RO         7718    i.USB_OTG_USBH_handle_port_ISR  usb_hcd_int.o
    0x0800be10   0x0000012e   Code   RO         7719    i.USB_OTG_USBH_handle_ptxfempty_ISR  usb_hcd_int.o
    0x0800bf3e   0x00000164   Code   RO         7720    i.USB_OTG_USBH_handle_rx_qlvl_ISR  usb_hcd_int.o
    0x0800c0a2   0x00000002   PAD
    0x0800c0a4   0x0000002c   Code   RO         7721    i.USB_OTG_USBH_handle_sof_ISR  usb_hcd_int.o
    0x0800c0d0   0x00000040   Code   RO         7479    i.USB_OTG_WritePacket  usb_core.o
    0x0800c110   0x00000144   Code   RO         6344    i.USH_User_App      audioplay.o
    0x0800c254   0x00000004   Code   RO          233    i.UsageFault_Handler  stm32f4xx_it.o
    0x0800c258   0x00000058   Code   RO         5869    i.W25QXX_Erase_Sector  w25qxx.o
    0x0800c2b0   0x00000078   Code   RO         5870    i.W25QXX_Init       w25qxx.o
    0x0800c328   0x00000050   Code   RO         5872    i.W25QXX_Read       w25qxx.o
    0x0800c378   0x00000048   Code   RO         5873    i.W25QXX_ReadID     w25qxx.o
    0x0800c3c0   0x0000002c   Code   RO         5874    i.W25QXX_ReadSR     w25qxx.o
    0x0800c3ec   0x00000012   Code   RO         5876    i.W25QXX_Wait_Busy  w25qxx.o
    0x0800c3fe   0x00000002   PAD
    0x0800c400   0x000000b8   Code   RO         5877    i.W25QXX_Write      w25qxx.o
    0x0800c4b8   0x00000020   Code   RO         5879    i.W25QXX_Write_Enable  w25qxx.o
    0x0800c4d8   0x00000046   Code   RO         5880    i.W25QXX_Write_NoCheck  w25qxx.o
    0x0800c51e   0x00000002   PAD
    0x0800c520   0x00000054   Code   RO         5881    i.W25QXX_Write_Page  w25qxx.o
    0x0800c574   0x00000012   Code   RO         5979    i.WM8978_3D_Set     wm8978.o
    0x0800c586   0x00000040   Code   RO         5980    i.WM8978_ADDA_Cfg   wm8978.o
    0x0800c5c6   0x00000036   Code   RO         5981    i.WM8978_AUX_Gain   wm8978.o
    0x0800c5fc   0x00000032   Code   RO         5982    i.WM8978_EQ1_Set    wm8978.o
    0x0800c62e   0x00000028   Code   RO         5983    i.WM8978_EQ2_Set    wm8978.o
    0x0800c656   0x00000028   Code   RO         5984    i.WM8978_EQ3_Set    wm8978.o
    0x0800c67e   0x00000028   Code   RO         5985    i.WM8978_EQ4_Set    wm8978.o
    0x0800c6a6   0x00000028   Code   RO         5986    i.WM8978_EQ5_Set    wm8978.o
    0x0800c6ce   0x00000022   Code   RO         5987    i.WM8978_EQ_3D_Dir  wm8978.o
    0x0800c6f0   0x0000002e   Code   RO         5988    i.WM8978_HPvol_Set  wm8978.o
    0x0800c71e   0x0000001c   Code   RO         5989    i.WM8978_I2S_Cfg    wm8978.o
    0x0800c73a   0x00000002   PAD
    0x0800c73c   0x000000fc   Code   RO         5990    i.WM8978_Init       wm8978.o
    0x0800c838   0x00000066   Code   RO         5991    i.WM8978_Input_Cfg  wm8978.o
    0x0800c89e   0x00000036   Code   RO         5992    i.WM8978_LINEIN_Gain  wm8978.o
    0x0800c8d4   0x0000002a   Code   RO         5994    i.WM8978_Output_Cfg  wm8978.o
    0x0800c8fe   0x00000002   PAD
    0x0800c900   0x00000010   Code   RO         5995    i.WM8978_Read_Reg   wm8978.o
    0x0800c910   0x00000022   Code   RO         5996    i.WM8978_SPKvol_Set  wm8978.o
    0x0800c932   0x00000002   PAD
    0x0800c934   0x00000054   Code   RO         5997    i.WM8978_Write_Reg  wm8978.o
    0x0800c988   0x0000000e   Code   RO         8498    i._is_digit         c_w.l(__printf_wp.o)
    0x0800c996   0x00000004   Code   RO         6216    i._sys_exit         usart.o
    0x0800c99a   0x00000074   Code   RO         6345    i.audio_get_tnum    audioplay.o
    0x0800ca0e   0x00000002   PAD
    0x0800ca10   0x00000040   Code   RO         6346    i.audio_play        audioplay.o
    0x0800ca50   0x00000022   Code   RO         6347    i.audio_play_song   audioplay.o
    0x0800ca72   0x00000002   PAD
    0x0800ca74   0x00000014   Code   RO         6348    i.audio_start       audioplay.o
    0x0800ca88   0x00000014   Code   RO         6349    i.audio_stop        audioplay.o
    0x0800ca9c   0x0000001a   Code   RO         6670    i.char_upper        exfuns.o
    0x0800cab6   0x00000002   PAD
    0x0800cab8   0x00000090   Code   RO         6971    i.check_fs          ff.o
    0x0800cb48   0x00000014   Code   RO         6972    i.chk_chr           ff.o
    0x0800cb5c   0x00000032   Code   RO         6973    i.clmt_clust        ff.o
    0x0800cb8e   0x0000001a   Code   RO         6974    i.clust2sect        ff.o
    0x0800cba8   0x00000090   Code   RO         6975    i.cmp_lfn           ff.o
    0x0800cc38   0x00000012   Code   RO         5602    i.convert_from_bytes_to_power_of_two  sdio_sdcard.o
    0x0800cc4a   0x000000d6   Code   RO         6976    i.create_chain      ff.o
    0x0800cd20   0x00000270   Code   RO         6977    i.create_name       ff.o
    0x0800cf90   0x0000003c   Code   RO         6175    i.delay_init        delay.o
    0x0800cfcc   0x00000038   Code   RO         6176    i.delay_ms          delay.o
    0x0800d004   0x0000004c   Code   RO         6177    i.delay_us          delay.o
    0x0800d050   0x0000004c   Code   RO         6178    i.delay_xms         delay.o
    0x0800d09c   0x0000005c   Code   RO         6978    i.dir_alloc         ff.o
    0x0800d0f8   0x000000ea   Code   RO         6979    i.dir_find          ff.o
    0x0800d1e2   0x00000110   Code   RO         6980    i.dir_next          ff.o
    0x0800d2f2   0x000000c4   Code   RO         6981    i.dir_read          ff.o
    0x0800d3b6   0x0000012a   Code   RO         6982    i.dir_register      ff.o
    0x0800d4e0   0x0000009e   Code   RO         6984    i.dir_sdi           ff.o
    0x0800d57e   0x00000002   PAD
    0x0800d580   0x0000004c   Code   RO         6905    i.disk_initialize   diskio.o
    0x0800d5cc   0x000000fc   Code   RO         6906    i.disk_ioctl        diskio.o
    0x0800d6c8   0x0000008c   Code   RO         6907    i.disk_read         diskio.o
    0x0800d754   0x00000006   Code   RO         6908    i.disk_status       diskio.o
    0x0800d75a   0x0000008c   Code   RO         6909    i.disk_write        diskio.o
    0x0800d7e6   0x00000002   PAD
    0x0800d7e8   0x00000084   Code   RO         6672    i.exfuns_init       exfuns.o
    0x0800d86c   0x00000024   Code   RO         6986    i.f_close           ff.o
    0x0800d890   0x0000028e   Code   RO         6991    i.f_lseek           ff.o
    0x0800db1e   0x00000002   PAD
    0x0800db20   0x0000005c   Code   RO         6994    i.f_mount           ff.o
    0x0800db7c   0x00000180   Code   RO         6995    i.f_open            ff.o
    0x0800dcfc   0x00000088   Code   RO         6996    i.f_opendir         ff.o
    0x0800dd84   0x000001b0   Code   RO         7000    i.f_read            ff.o
    0x0800df34   0x00000072   Code   RO         7001    i.f_readdir         ff.o
    0x0800dfa6   0x000000b0   Code   RO         7005    i.f_sync            ff.o
    0x0800e056   0x00000002   PAD
    0x0800e058   0x000000b0   Code   RO         6673    i.f_typetell        exfuns.o
    0x0800e108   0x00000098   Code   RO         6874    i.ff_convert        mycc936.o
    0x0800e1a0   0x0000000e   Code   RO         6910    i.ff_memalloc       diskio.o
    0x0800e1ae   0x0000000e   Code   RO         6911    i.ff_memfree        diskio.o
    0x0800e1bc   0x00000038   Code   RO         6875    i.ff_wtoupper       mycc936.o
    0x0800e1f4   0x00000388   Code   RO         7010    i.find_volume       ff.o
    0x0800e57c   0x00000080   Code   RO         7011    i.fit_lfn           ff.o
    0x0800e5fc   0x00000090   Code   RO         7012    i.follow_path       ff.o
    0x0800e68c   0x00000044   Code   RO         7315    i.font_init         fontupd.o
    0x0800e6d0   0x0000001c   Code   RO         6217    i.fputc             usart.o
    0x0800e6ec   0x000000c8   Code   RO         7013    i.gen_numname       ff.o
    0x0800e7b4   0x000000e8   Code   RO         7014    i.get_fat           ff.o
    0x0800e89c   0x00000004   Code   RO         6912    i.get_fattime       diskio.o
    0x0800e8a0   0x0000010c   Code   RO         7015    i.get_fileinfo      ff.o
    0x0800e9ac   0x0000004a   Code   RO         7016    i.get_ldnumber      ff.o
    0x0800e9f6   0x00000020   Code   RO         7017    i.ld_clust          ff.o
    0x0800ea16   0x00000002   PAD
    0x0800ea18   0x00000254   Code   RO            4    i.main              main.o
    0x0800ec6c   0x00000026   Code   RO         7018    i.mem_cmp           ff.o
    0x0800ec92   0x0000001a   Code   RO         7019    i.mem_cpy           ff.o
    0x0800ecac   0x00000014   Code   RO         7020    i.mem_set           ff.o
    0x0800ecc0   0x00000032   Code   RO         7021    i.move_window       ff.o
    0x0800ecf2   0x00000002   PAD
    0x0800ecf4   0x0000006c   Code   RO         6264    i.my_mem_free       malloc.o
    0x0800ed60   0x00000044   Code   RO         6265    i.my_mem_init       malloc.o
    0x0800eda4   0x000000a8   Code   RO         6266    i.my_mem_malloc     malloc.o
    0x0800ee4c   0x00000040   Code   RO         6267    i.my_mem_perused    malloc.o
    0x0800ee8c   0x00000024   Code   RO         6268    i.myfree            malloc.o
    0x0800eeb0   0x00000028   Code   RO         6269    i.mymalloc          malloc.o
    0x0800eed8   0x00000014   Code   RO         6271    i.mymemset          malloc.o
    0x0800eeec   0x00000074   Code   RO         7022    i.pick_lfn          ff.o
    0x0800ef60   0x00000136   Code   RO         7023    i.put_fat           ff.o
    0x0800f096   0x00000006   Code   RO         6483    i.read_addr         usmart.o
    0x0800f09c   0x0000006c   Code   RO         7025    i.remove_chain      ff.o
    0x0800f108   0x00000010   Code   RO         7026    i.st_clust          ff.o
    0x0800f118   0x00000020   Code   RO         7027    i.sum_sfn           ff.o
    0x0800f138   0x000000c8   Code   RO         7028    i.sync_fs           ff.o
    0x0800f200   0x0000004c   Code   RO         7029    i.sync_window       ff.o
    0x0800f24c   0x000000ac   Code   RO         6218    i.uart_init         usart.o
    0x0800f2f8   0x000000b0   Code   RO         6484    i.usmart_cmd_rec    usmart.o
    0x0800f3a8   0x000002d4   Code   RO         6485    i.usmart_exe        usmart.o
    0x0800f67c   0x000000c8   Code   RO         6590    i.usmart_get_aparm  usmart_str.o
    0x0800f744   0x00000036   Code   RO         6591    i.usmart_get_cmdname  usmart_str.o
    0x0800f77a   0x00000002   PAD
    0x0800f77c   0x000001c0   Code   RO         6592    i.usmart_get_fname  usmart_str.o
    0x0800f93c   0x0000010c   Code   RO         6593    i.usmart_get_fparam  usmart_str.o
    0x0800fa48   0x00000020   Code   RO         6594    i.usmart_get_parmpos  usmart_str.o
    0x0800fa68   0x00000044   Code   RO         6486    i.usmart_get_runtime  usmart.o
    0x0800faac   0x00000028   Code   RO         6487    i.usmart_init       usmart.o
    0x0800fad4   0x00000016   Code   RO         6595    i.usmart_pow        usmart_str.o
    0x0800faea   0x00000002   PAD
    0x0800faec   0x00000030   Code   RO         6488    i.usmart_reset_runtime  usmart.o
    0x0800fb1c   0x000000bc   Code   RO         6489    i.usmart_scan       usmart.o
    0x0800fbd8   0x00000016   Code   RO         6596    i.usmart_search_nextc  usmart_str.o
    0x0800fbee   0x000000ca   Code   RO         6597    i.usmart_str2num    usmart_str.o
    0x0800fcb8   0x00000022   Code   RO         6598    i.usmart_strcmp     usmart_str.o
    0x0800fcda   0x00000016   Code   RO         6599    i.usmart_strcopy    usmart_str.o
    0x0800fcf0   0x00000018   Code   RO         6600    i.usmart_strlen     usmart_str.o
    0x0800fd08   0x000006e4   Code   RO         6490    i.usmart_sys_cmd_exe  usmart.o
    0x080103ec   0x00000036   Code   RO         7030    i.validate          ff.o
    0x08010422   0x00000002   PAD
    0x08010424   0x000000a0   Code   RO         7403    i.wav_buffill       wavplay.o
    0x080104c4   0x000001fc   Code   RO         7404    i.wav_decode_init   wavplay.o
    0x080106c0   0x00000070   Code   RO         7406    i.wav_i2s_dma_tx_callback  wavplay.o
    0x08010730   0x000001b8   Code   RO         7407    i.wav_play_song     wavplay.o
    0x080108e8   0x00000004   Code   RO         6491    i.write_addr        usmart.o
    0x080108ec   0x0000005a   Code   RO         8530    x$fpl$dfixu         fz_wm.l(dfixu.o)
    0x08010946   0x00000026   Code   RO         8534    x$fpl$dfltu         fz_wm.l(dflt_clz.o)
    0x0801096c   0x00000154   Code   RO         8540    x$fpl$dmul          fz_wm.l(dmul.o)
    0x08010ac0   0x0000009c   Code   RO         8554    x$fpl$dnaninf       fz_wm.l(dnaninf.o)
    0x08010b5c   0x0000000c   Code   RO         8556    x$fpl$dretinf       fz_wm.l(dretinf.o)
    0x08010b68   0x0000000a   Code   RO         8667    x$fpl$fpinit        fz_wm.l(fpinit.o)
    0x08010b72   0x00000000   Code   RO         8558    x$fpl$usenofp       fz_wm.l(usenofp.o)
    0x08010b72   0x00000002   PAD
    0x08010b74   0x0000004e   Data   RO            6    .constdata          main.o
    0x08010bc2   0x0000006e   Data   RO         5237    .constdata          i2s.o
    0x08010c30   0x000017c0   Data   RO         5386    .constdata          lcd.o
    0x080123f0   0x00000024   Data   RO         6278    .constdata          malloc.o
    0x08012414   0x00000070   Data   RO         6675    .constdata          exfuns.o
    0x08012484   0x000003c0   Data   RO         6876    .constdata          mycc936.o
    0x08012844   0x0000003a   Data   RO         7032    .constdata          ff.o
    0x0801287e   0x00000028   Data   RO         8471    .constdata          c_w.l(_printf_hex_int.o)
    0x080128a6   0x00000011   Data   RO         8506    .constdata          c_w.l(__printf_flags_ss_wp.o)
    0x080128b7   0x00000001   PAD
    0x080128b8   0x00000028   Data   RO         6492    .conststring        usmart.o
    0x080128e0   0x000001d0   Data   RO         6569    .conststring        usmart_config.o
    0x08012ab0   0x00000044   Data   RO         6676    .conststring        exfuns.o
    0x08012af4   0x00000020   Data   RO         8725    Region$$Table       anon$$obj.o


    Execution Region RW_IRAM1 (Base: 0x20000000, Size: 0x0001d390, Max: 0x00020000, ABSOLUTE, COMPRESSED[0x00000148])

    Base Addr    Size         Type   Attr      Idx    E Section Name        Object

    0x20000000   0x00000010   Data   RW         3006    .data               stm32f4xx_rcc.o
    0x20000010   0x00000004   Data   RW         5238    .data               i2s.o
    0x20000014   0x00000004   Data   RW         5387    .data               lcd.o
    0x20000018   0x00000010   Data   RW         5604    .data               sdio_sdcard.o
    0x20000028   0x00000002   Data   RW         5884    .data               w25qxx.o
    0x2000002a   0x00000074   Data   RW         5998    .data               wm8978.o
    0x2000009e   0x00000004   Data   RW         6179    .data               delay.o
    0x200000a2   0x00000002   PAD
    0x200000a4   0x00000006   Data   RW         6220    .data               usart.o
    0x200000aa   0x00000002   PAD
    0x200000ac   0x00000024   Data   RW         6279    .data               malloc.o
    0x200000d0   0x00000001   Data   RW         6351    .data               audioplay.o
    0x200000d1   0x00000003   PAD
    0x200000d4   0x0000001c   Data   RW         6493    .data               usmart.o
    0x200000f0   0x0000015c   Data   RW         6570    .data               usmart_config.o
    0x2000024c   0x00000014   Data   RW         6677    .data               exfuns.o
    0x20000260   0x00000002   Data   RW         6913    .data               diskio.o
    0x20000262   0x00000002   Data   RW         7033    .data               ff.o
    0x20000264   0x00000002   Data   RW         7409    .data               wavplay.o
    0x20000266   0x00000002   PAD
    0x20000268   0x00000012   Data   RW         7790    .data               usbh_core.o
    0x2000027a   0x00000003   Data   RW         7997    .data               usbh_stdreq.o
    0x2000027d   0x00000003   PAD
    0x20000280   0x00000011   Data   RW         8087    .data               usbh_msc_bot.o
    0x20000291   0x00000003   PAD
    0x20000294   0x0000001d   Data   RW         8135    .data               usbh_msc_core.o
    0x200002b1   0x00000001   Data   RW         8191    .data               usbh_msc_scsi.o
    0x200002b2   0x00000002   PAD
    0x200002b4   0x0000004c   Data   RW         8319    .data               usbh_usr.o
    0x20000300   0x0000000e   Zero   RW         5385    .bss                lcd.o
    0x2000030e   0x00000002   PAD
    0x20000310   0x000002c0   Zero   RW         5603    .bss                sdio_sdcard.o
    0x200005d0   0x00001000   Zero   RW         5883    .bss                w25qxx.o
    0x200015d0   0x000000c8   Zero   RW         6219    .bss                usart.o
    0x20001698   0x00000008   PAD
    0x200016a0   0x0001a900   Zero   RW         6277    .bss                malloc.o
    0x2001bfa0   0x00000651   Zero   RW         6350    .bss                audioplay.o
    0x2001c5f1   0x00000003   PAD
    0x2001c5f4   0x00000050   Zero   RW         6674    .bss                exfuns.o
    0x2001c644   0x0000000c   Zero   RW         7031    .bss                ff.o
    0x2001c650   0x00000021   Zero   RW         7319    .bss                fontupd.o
    0x2001c671   0x00000020   Zero   RW         7408    .bss                wavplay.o
    0x2001c691   0x00000200   Zero   RW         7996    .bss                usbh_stdreq.o
    0x2001c891   0x00000003   PAD
    0x2001c894   0x00000040   Zero   RW         8086    .bss                usbh_msc_bot.o
    0x2001c8d4   0x0000004a   Zero   RW         8134    .bss                usbh_msc_core.o
    0x2001c91e   0x00000002   PAD
    0x2001c920   0x00000410   Zero   RW         8190    .bss                usbh_msc_scsi.o
    0x2001cd30   0x00000060   Zero   RW         8599    .bss                c_w.l(libspace.o)
    0x2001cd90   0x00000200   Zero   RW          332    HEAP                startup_stm32f40_41xxx.o
    0x2001cf90   0x00000400   Zero   RW          331    STACK               startup_stm32f40_41xxx.o



  Load Region LR$$.ARM.__AT_0x10000000 (Base: 0x10000000, Size: 0x00000000, Max: 0x0000f000, ABSOLUTE)

    Execution Region ER$$.ARM.__AT_0x10000000 (Base: 0x10000000, Size: 0x0000f000, Max: 0x0000f000, ABSOLUTE, UNINIT)

    Base Addr    Size         Type   Attr      Idx    E Section Name        Object

    0x10000000   0x0000f000   Zero   RW         6273    .ARM.__AT_0x10000000  malloc.o



  Load Region LR$$.ARM.__AT_0x1000F000 (Base: 0x1000f000, Size: 0x00000000, Max: 0x00000f00, ABSOLUTE)

    Execution Region ER$$.ARM.__AT_0x1000F000 (Base: 0x1000f000, Size: 0x00000f00, Max: 0x00000f00, ABSOLUTE, UNINIT)

    Base Addr    Size         Type   Attr      Idx    E Section Name        Object

    0x1000f000   0x00000f00   Zero   RW         6274    .ARM.__AT_0x1000F000  malloc.o



  Load Region LR$$.ARM.__AT_0x68000000 (Base: 0x68000000, Size: 0x00000000, Max: 0x000f0000, ABSOLUTE)

    Execution Region ER$$.ARM.__AT_0x68000000 (Base: 0x68000000, Size: 0x000f0000, Max: 0x000f0000, ABSOLUTE, UNINIT)

    Base Addr    Size         Type   Attr      Idx    E Section Name        Object

    0x68000000   0x000f0000   Zero   RW         6275    .ARM.__AT_0x68000000  malloc.o



  Load Region LR$$.ARM.__AT_0x680F0000 (Base: 0x680f0000, Size: 0x00000000, Max: 0x0000f000, ABSOLUTE)

    Execution Region ER$$.ARM.__AT_0x680F0000 (Base: 0x680f0000, Size: 0x0000f000, Max: 0x0000f000, ABSOLUTE, UNINIT)

    Base Addr    Size         Type   Attr      Idx    E Section Name        Object

    0x680f0000   0x0000f000   Zero   RW         6276    .ARM.__AT_0x680F0000  malloc.o


==============================================================================

Image component sizes


      Code (inc. data)   RO Data    RW Data    ZI Data      Debug   Object Name

       578         92          0          1       1617      31950   audioplay.o
        64          4          0          0          0        520   beep.o
       268         16          0          4          0       2431   delay.o
       646         18          0          2          0       6816   diskio.o
       334         22        180         20         80       2976   exfuns.o
       292         26          0          0          0       5672   exti.o
      7524         70         58          2         12      38537   ff.o
        68          4          0          0         33       1989   fontupd.o
       500         50        110          4          0       4342   i2s.o
        68          8          0          0          0        519   key.o
     17624        210       6080          4         14      21774   lcd.o
        64          4          0          0          0        515   led.o
       596        168         78          0          0     318807   main.o
       504         60         36         36    1218560       6334   malloc.o
       180         24          0          0          0     233449   misc.o
       208         16        960          0          0       1919   mycc936.o
       428         68          0          0          0       2741   myiic.o
      7482        400          0         16        704      34145   sdio_sdcard.o
       292         20          0          0          0       1773   spi.o
        64         26        392          0       1536        828   startup_stm32f40_41xxx.o
       752         58          0          0          0       7392   stm32f4xx_dma.o
       160         12          0          0          0       1441   stm32f4xx_exti.o
       282          6          0          0          0       1765   stm32f4xx_fsmc.o
       222          0          0          0          0       2783   stm32f4xx_gpio.o
        26          0          0          0          0       3902   stm32f4xx_it.o
       484         70          0         16          0       7846   stm32f4xx_rcc.o
       208         38          0          0          0       5525   stm32f4xx_sdio.o
       562         12          0          0          0       5416   stm32f4xx_spi.o
        64          4          0          0          0        636   stm32f4xx_syscfg.o
       252         28          0          0          0       6324   stm32f4xx_tim.o
       404          8          0          0          0       4142   stm32f4xx_usart.o
        16          0          0          0          0        480   sys.o
       340         32          0          0          0       1417   system_stm32f4xx.o
       618         14          0          0          0       3387   text.o
       340         28          0          6        200       4152   usart.o
       184          8          0          0          0       3732   usb_bsp.o
      2996         18          0          0          0      19123   usb_core.o
       202          0          0          0          0       5311   usb_hcd.o
      3702         16          0          0          0      10567   usb_hcd_int.o
      1646         42          0         18          0       9201   usbh_core.o
       390          0          0          0          0       4692   usbh_hcs.o
       560          0          0          0          0       5726   usbh_ioreq.o
      1140        100          0         17         64       6845   usbh_msc_bot.o
       876         62          0         29         74       6697   usbh_msc_core.o
      1312         88          0          1       1040       7404   usbh_msc_scsi.o
       946         14          0          3        512      10625   usbh_stdreq.o
      1096        566          0         76          0      12906   usbh_usr.o
      3166       1332         40         28          0       7742   usmart.o
         0          0        464        348          0       1472   usmart_config.o
      1328         20          0          0          0       8665   usmart_str.o
       792         74          0          2       4096       6989   w25qxx.o
      1220        238          0          2         32       4039   wavplay.o
      1038         18          0        116          0      11711   wm8978.o

    ----------------------------------------------------------------------
     65174       4212       8430        768    1228592     918092   Object Totals
         0          0         32          0          0          0   (incl. Generated)
        66          0          0         17         18          0   (incl. Padding)

    ----------------------------------------------------------------------

      Code (inc. data)   RO Data    RW Data    ZI Data      Debug   Library Member Name

        90          0          0          0          0          0   __dczerorl2.o
         8          0          0          0          0         68   __main.o
       392          4         17          0          0         92   __printf_flags_ss_wp.o
        14          0          0          0          0         68   __printf_wp.o
         0          0          0          0          0          0   __rtentry.o
        12          0          0          0          0          0   __rtentry2.o
         6          0          0          0          0          0   __rtentry4.o
        52          8          0          0          0          0   __scatter.o
        28          0          0          0          0          0   __scatter_zi.o
         6          0          0          0          0          0   _printf_c.o
        44          0          0          0          0        108   _printf_char.o
        48          6          0          0          0         96   _printf_char_common.o
        36          4          0          0          0         80   _printf_char_file.o
         6          0          0          0          0          0   _printf_d.o
       120         16          0          0          0         92   _printf_dec.o
        88          4         40          0          0         88   _printf_hex_int.o
       178          0          0          0          0         88   _printf_intcommon.o
        78          0          0          0          0        108   _printf_pad.o
         0          0          0          0          0          0   _printf_percent.o
         4          0          0          0          0          0   _printf_percent_end.o
         6          0          0          0          0          0   _printf_s.o
        82          0          0          0          0         80   _printf_str.o
         6          0          0          0          0          0   _printf_u.o
         6          0          0          0          0          0   _printf_x.o
        18          0          0          0          0         80   exit.o
         8          0          0          0          0         68   ferror.o
         6          0          0          0          0        152   heapauxi.o
         2          0          0          0          0          0   libinit.o
         6          0          0          0          0          0   libinit2.o
         2          0          0          0          0          0   libshutdown.o
         2          0          0          0          0          0   libshutdown2.o
         8          4          0          0         96         68   libspace.o
        72          0          0          0          0         76   llsdiv.o
       238          0          0          0          0        100   lludivv7m.o
        24          4          0          0          0         84   noretval__2printf.o
       138          0          0          0          0         68   rt_memcpy_v6.o
       100          0          0          0          0         80   rt_memcpy_w.o
         2          0          0          0          0          0   rtexit.o
        10          0          0          0          0          0   rtexit2.o
        24          0          0          0          0         68   strcat.o
       128          0          0          0          0         68   strcmpv7m.o
        72          0          0          0          0         80   strcpy.o
        74          0          0          0          0         80   sys_stackheap_outer.o
         2          0          0          0          0         68   use_no_semi.o
         2          0          0          0          0         68   use_no_semi_2.o
        90          4          0          0          0        140   dfixu.o
        38          0          0          0          0        116   dflt_clz.o
       340         12          0          0          0        152   dmul.o
       156          4          0          0          0        140   dnaninf.o
        12          0          0          0          0        116   dretinf.o
        10          0          0          0          0        116   fpinit.o
         0          0          0          0          0          0   usenofp.o

    ----------------------------------------------------------------------
      2902         70         58          0         96       2956   Library Totals
         8          0          1          0          0          0   (incl. Padding)

    ----------------------------------------------------------------------

      Code (inc. data)   RO Data    RW Data    ZI Data      Debug   Library Name

      2248         50         57          0         96       2176   c_w.l
       646         20          0          0          0        780   fz_wm.l

    ----------------------------------------------------------------------
      2902         70         58          0         96       2956   Library Totals

    ----------------------------------------------------------------------

==============================================================================


      Code (inc. data)   RO Data    RW Data    ZI Data      Debug   

     68076       4282       8488        768    1228688     880404   Grand Totals
     68076       4282       8488        328    1228688     880404   ELF Image Totals (compressed)
     68076       4282       8488        328          0          0   ROM Totals

==============================================================================

    Total RO  Size (Code + RO Data)                76564 (  74.77kB)
    Total RW  Size (RW Data + ZI Data)           1229456 (1200.64kB)
    Total ROM Size (Code + RO Data + RW Data)      76892 (  75.09kB)

==============================================================================

